Archive member included to satisfy reference by file (symbol)

d:/новая папка (2)/truestudio for stm32 9.3.0/armtools/bin/../lib/gcc/arm-atollic-eabi/6.3.1/../../../../arm-atollic-eabi/lib/armv7e-m/fpu/fpv5-sp-d16\libc_nano.a(lib_a-init.o)
                              Startup\startup_stm32f767xx.o (__libc_init_array)
d:/новая папка (2)/truestudio for stm32 9.3.0/armtools/bin/../lib/gcc/arm-atollic-eabi/6.3.1/../../../../arm-atollic-eabi/lib/armv7e-m/fpu/fpv5-sp-d16\libc_nano.a(lib_a-printf.o)
                              Code\src\consol.o (printf)
d:/новая папка (2)/truestudio for stm32 9.3.0/armtools/bin/../lib/gcc/arm-atollic-eabi/6.3.1/../../../../arm-atollic-eabi/lib/armv7e-m/fpu/fpv5-sp-d16\libc_nano.a(lib_a-vsnprintf.o)
                              Code\src\consol.o (vsnprintf)
d:/новая папка (2)/truestudio for stm32 9.3.0/armtools/bin/../lib/gcc/arm-atollic-eabi/6.3.1/../../../../arm-atollic-eabi/lib/armv7e-m/fpu/fpv5-sp-d16\libc_nano.a(lib_a-findfp.o)
                              d:/новая папка (2)/truestudio for stm32 9.3.0/armtools/bin/../lib/gcc/arm-atollic-eabi/6.3.1/../../../../arm-atollic-eabi/lib/armv7e-m/fpu/fpv5-sp-d16\libc_nano.a(lib_a-printf.o) (__sinit)
d:/новая папка (2)/truestudio for stm32 9.3.0/armtools/bin/../lib/gcc/arm-atollic-eabi/6.3.1/../../../../arm-atollic-eabi/lib/armv7e-m/fpu/fpv5-sp-d16\libc_nano.a(lib_a-fwalk.o)
                              d:/новая папка (2)/truestudio for stm32 9.3.0/armtools/bin/../lib/gcc/arm-atollic-eabi/6.3.1/../../../../arm-atollic-eabi/lib/armv7e-m/fpu/fpv5-sp-d16\libc_nano.a(lib_a-findfp.o) (_fwalk)
d:/новая папка (2)/truestudio for stm32 9.3.0/armtools/bin/../lib/gcc/arm-atollic-eabi/6.3.1/../../../../arm-atollic-eabi/lib/armv7e-m/fpu/fpv5-sp-d16\libc_nano.a(lib_a-impure.o)
                              d:/новая папка (2)/truestudio for stm32 9.3.0/armtools/bin/../lib/gcc/arm-atollic-eabi/6.3.1/../../../../arm-atollic-eabi/lib/armv7e-m/fpu/fpv5-sp-d16\libc_nano.a(lib_a-findfp.o) (_global_impure_ptr)
d:/новая папка (2)/truestudio for stm32 9.3.0/armtools/bin/../lib/gcc/arm-atollic-eabi/6.3.1/../../../../arm-atollic-eabi/lib/armv7e-m/fpu/fpv5-sp-d16\libc_nano.a(lib_a-memset.o)
                              d:/новая папка (2)/truestudio for stm32 9.3.0/armtools/bin/../lib/gcc/arm-atollic-eabi/6.3.1/../../../../arm-atollic-eabi/lib/armv7e-m/fpu/fpv5-sp-d16\libc_nano.a(lib_a-findfp.o) (memset)
d:/новая папка (2)/truestudio for stm32 9.3.0/armtools/bin/../lib/gcc/arm-atollic-eabi/6.3.1/../../../../arm-atollic-eabi/lib/armv7e-m/fpu/fpv5-sp-d16\libc_nano.a(lib_a-nano-mallocr.o)
                              d:/новая папка (2)/truestudio for stm32 9.3.0/armtools/bin/../lib/gcc/arm-atollic-eabi/6.3.1/../../../../arm-atollic-eabi/lib/armv7e-m/fpu/fpv5-sp-d16\libc_nano.a(lib_a-findfp.o) (_malloc_r)
d:/новая папка (2)/truestudio for stm32 9.3.0/armtools/bin/../lib/gcc/arm-atollic-eabi/6.3.1/../../../../arm-atollic-eabi/lib/armv7e-m/fpu/fpv5-sp-d16\libc_nano.a(lib_a-nano-svfprintf.o)
                              d:/новая папка (2)/truestudio for stm32 9.3.0/armtools/bin/../lib/gcc/arm-atollic-eabi/6.3.1/../../../../arm-atollic-eabi/lib/armv7e-m/fpu/fpv5-sp-d16\libc_nano.a(lib_a-vsnprintf.o) (_svfprintf_r)
d:/новая папка (2)/truestudio for stm32 9.3.0/armtools/bin/../lib/gcc/arm-atollic-eabi/6.3.1/../../../../arm-atollic-eabi/lib/armv7e-m/fpu/fpv5-sp-d16\libc_nano.a(lib_a-nano-vfprintf.o)
                              d:/новая папка (2)/truestudio for stm32 9.3.0/armtools/bin/../lib/gcc/arm-atollic-eabi/6.3.1/../../../../arm-atollic-eabi/lib/armv7e-m/fpu/fpv5-sp-d16\libc_nano.a(lib_a-printf.o) (_vfprintf_r)
d:/новая папка (2)/truestudio for stm32 9.3.0/armtools/bin/../lib/gcc/arm-atollic-eabi/6.3.1/../../../../arm-atollic-eabi/lib/armv7e-m/fpu/fpv5-sp-d16\libc_nano.a(lib_a-nano-vfprintf_i.o)
                              d:/новая папка (2)/truestudio for stm32 9.3.0/armtools/bin/../lib/gcc/arm-atollic-eabi/6.3.1/../../../../arm-atollic-eabi/lib/armv7e-m/fpu/fpv5-sp-d16\libc_nano.a(lib_a-nano-svfprintf.o) (_printf_i)
d:/новая папка (2)/truestudio for stm32 9.3.0/armtools/bin/../lib/gcc/arm-atollic-eabi/6.3.1/../../../../arm-atollic-eabi/lib/armv7e-m/fpu/fpv5-sp-d16\libc_nano.a(lib_a-sbrkr.o)
                              d:/новая папка (2)/truestudio for stm32 9.3.0/armtools/bin/../lib/gcc/arm-atollic-eabi/6.3.1/../../../../arm-atollic-eabi/lib/armv7e-m/fpu/fpv5-sp-d16\libc_nano.a(lib_a-nano-mallocr.o) (_sbrk_r)
d:/новая папка (2)/truestudio for stm32 9.3.0/armtools/bin/../lib/gcc/arm-atollic-eabi/6.3.1/../../../../arm-atollic-eabi/lib/armv7e-m/fpu/fpv5-sp-d16\libc_nano.a(lib_a-stdio.o)
                              d:/новая папка (2)/truestudio for stm32 9.3.0/armtools/bin/../lib/gcc/arm-atollic-eabi/6.3.1/../../../../arm-atollic-eabi/lib/armv7e-m/fpu/fpv5-sp-d16\libc_nano.a(lib_a-findfp.o) (__sread)
[...]
Memory Configuration

Name             Origin             Length             Attributes
FLASH            0x08000000         0x00200000         xr
DTCMRAM          0x20000000         0x00020000         xrw
SRAM1            0x20020000         0x0005c000         xrw
SRAM2            0x2007c000         0x00004000         xrw
MEMORY_B1        0x60000000         0x00000000         xr
*default*        0x00000000         0xffffffff

Linker script and memory map

LOAD d:/новая папка (2)/truestudio for stm32 9.3.0/armtools/bin/../lib/gcc/arm-atollic-eabi/6.3.1/armv7e-m/fpu/fpv5-sp-d16/crti.o
LOAD d:/новая папка (2)/truestudio for stm32 9.3.0/armtools/bin/../lib/gcc/arm-atollic-eabi/6.3.1/armv7e-m/fpu/fpv5-sp-d16/crtbegin.o
LOAD CMSIS\src\system_stm32f7xx.o
LOAD Code\inc\Font\f16f.o
LOAD Code\inc\Font\f24f.o
LOAD Code\inc\Font\f32f.o
LOAD Code\inc\Font\f6x8m.o
LOAD Code\inc\Font\font.o
LOAD Code\src\HSEClock.o
LOAD Code\src\Render.o
LOAD Code\src\consol.o
LOAD Code\src\ili9341.o
LOAD Code\src\main.o
LOAD Code\src\ulib.o
LOAD Startup\startup_stm32f767xx.o
                0x00000080                malloc_getpagesize_P = 0x80
START GROUP
LOAD d:/новая папка (2)/truestudio for stm32 9.3.0/armtools/bin/../lib/gcc/arm-atollic-eabi/6.3.1/../../../../arm-atollic-eabi/lib/armv7e-m/fpu/fpv5-sp-d16\libc_nano.a
LOAD d:/новая папка (2)/truestudio for stm32 9.3.0/armtools/bin/../lib/gcc/arm-atollic-eabi/6.3.1/../../../../arm-atollic-eabi/lib/armv7e-m/fpu/fpv5-sp-d16\libm.a
END GROUP
START GROUP
LOAD d:/новая папка (2)/truestudio for stm32 9.3.0/armtools/bin/../lib/gcc/arm-atollic-eabi/6.3.1/armv7e-m/fpu/fpv5-sp-d16\libgcc.a
LOAD d:/новая папка (2)/truestudio for stm32 9.3.0/armtools/bin/../lib/gcc/arm-atollic-eabi/6.3.1/../../../../arm-atollic-eabi/lib/armv7e-m/fpu/fpv5-sp-d16\libc_nano.a
END GROUP
START GROUP
LOAD d:/новая папка (2)/truestudio for stm32 9.3.0/armtools/bin/../lib/gcc/arm-atollic-eabi/6.3.1/armv7e-m/fpu/fpv5-sp-d16\libgcc.a
LOAD d:/новая папка (2)/truestudio for stm32 9.3.0/armtools/bin/../lib/gcc/arm-atollic-eabi/6.3.1/../../../../arm-atollic-eabi/lib/armv7e-m/fpu/fpv5-sp-d16\libc_nano.a
LOAD d:/новая папка (2)/truestudio for stm32 9.3.0/armtools/bin/../lib/gcc/arm-atollic-eabi/6.3.1/../../../../arm-atollic-eabi/lib/armv7e-m/fpu/fpv5-sp-d16\libnosys.a
END GROUP
START GROUP
LOAD d:/новая папка (2)/truestudio for stm32 9.3.0/armtools/bin/../lib/gcc/arm-atollic-eabi/6.3.1/armv7e-m/fpu/fpv5-sp-d16\libgcc.a
LOAD d:/новая папка (2)/truestudio for stm32 9.3.0/armtools/bin/../lib/gcc/arm-atollic-eabi/6.3.1/../../../../arm-atollic-eabi/lib/armv7e-m/fpu/fpv5-sp-d16\libc_nano.a
LOAD d:/новая папка (2)/truestudio for stm32 9.3.0/armtools/bin/../lib/gcc/arm-atollic-eabi/6.3.1/../../../../arm-atollic-eabi/lib/armv7e-m/fpu/fpv5-sp-d16\libnosys.a
END GROUP
LOAD d:/новая папка (2)/truestudio for stm32 9.3.0/armtools/bin/../lib/gcc/arm-atollic-eabi/6.3.1/armv7e-m/fpu/fpv5-sp-d16/crtend.o
LOAD d:/новая папка (2)/truestudio for stm32 9.3.0/armtools/bin/../lib/gcc/arm-atollic-eabi/6.3.1/armv7e-m/fpu/fpv5-sp-d16/crtn.o
                0x20080000                _estack = 0x20080000
                0x00000000                _Min_Heap_Size = 0x0
                0x00000400                _Min_Stack_Size = 0x400

.isr_vector     0x08000000      0x1f8
                0x08000000                . = ALIGN (0x4)
 *(.isr_vector)
 .isr_vector    0x08000000      0x1f8 Startup\startup_stm32f767xx.o
                0x08000000                g_pfnVectors
                0x080001f8                . = ALIGN (0x4)

.text           0x08000200     0x56dc
                0x08000200                . = ALIGN (0x4)
 *(.text)
 .text          0x08000200        0x0 d:/новая папка (2)/truestudio for stm32 9.3.0/armtools/bin/../lib/gcc/arm-atollic-eabi/6.3.1/armv7e-m/fpu/fpv5-sp-d16/crti.o
 .text          0x08000200       0x40 d:/новая папка (2)/truestudio for stm32 9.3.0/armtools/bin/../lib/gcc/arm-atollic-eabi/6.3.1/armv7e-m/fpu/fpv5-sp-d16/crtbegin.o
 .text          0x08000240      0x160 CMSIS\src\system_stm32f7xx.o
                0x08000240                SystemInit
                0x080002ac                SystemCoreClockUpdate
 .text          0x080003a0       0x28 Code\inc\Font\f16f.o
                0x080003a0                f10x16f_GetCharTable
 .text          0x080003c8       0x38 Code\inc\Font\f24f.o
                0x080003c8                f24f_GetCharTable
 .text          0x08000400       0x3c Code\inc\Font\f32f.o
                0x08000400                f32f_GetCharTable
 .text          0x0800043c       0x28 Code\inc\Font\f6x8m.o
                0x0800043c                f6x8m_GetCharTable
 .text          0x08000464       0x64 Code\inc\Font\font.o
                0x08000464                font_GetFontStruct
                0x08000490                font_GetCharWidth
                0x080004a8                font_GetCharHeight
 .text          0x080004c8      0x2b4 Code\src\HSEClock.o
                0x080004c8                HS_Enable
                0x08000740                DWT_init
 .text          0x0800077c      0x49c Code\src\Render.o
                0x08000884                Render
 .text          0x08000c18      0x154 Code\src\consol.o
                0x08000c18                console_printf
                0x08000d20                FatalError
 .text          0x08000d6c     0x11e4 Code\src\ili9341.o
                0x08000e9c                ILI9341_init
                0x08001154                Set_XY
                0x08001198                Set_Pixel
                0x080011d4                Clear_Screen
                0x08001208                Fill_Screen
                0x08001240                Display_Image
                0x080012dc                Draw_Vertical_Line
                0x0800132a                Draw_Horizontal_Line
                0x08001378                Rectangle
                0x080013ea                Draw_Line
                0x08001508                Draw_Circle
                0x08001606                Draw_Triangle
                0x0800167a                Draw_Punct_Vertical
                0x080016c6                Draw_Punct_Horisontical
                0x08001712                Draw_Char
                0x080018e4                Draw_String
                0x080019d6                Draw_Number
 .text          0x08001f50      0x238 Code\src\main.o
                0x08001f50                main
                0x08002050                Running
                0x08002158                RNG_Init
 .text          0x08002188      0x448 Code\src\ulib.o
                0x08002188                SPI4_Init
                0x080022f8                DMA_init
                0x0800239c                DMA_send16b
                0x08002488                DMA_send8b
                0x08002574                SPI4_write_byte
                0x080025ac                delay
 .text          0x080025d0       0x14 Startup\startup_stm32f767xx.o
 .text          0x080025e4        0x0 d:/новая папка (2)/truestudio for stm32 9.3.0/armtools/bin/../lib/gcc/arm-atollic-eabi/6.3.1/../../../../arm-atollic-eabi/lib/armv7e-m/fpu/fpv5-sp-d16\libc_nano.a(lib_a-init.o)
 .text          0x080025e4        0x0 d:/новая папка (2)/truestudio for stm32 9.3.0/armtools/bin/../lib/gcc/arm-atollic-eabi/6.3.1/../../../../arm-atollic-eabi/lib/armv7e-m/fpu/fpv5-sp-d16\libc_nano.a(lib_a-printf.o)
 .text          0x080025e4        0x0 d:/новая папка (2)/truestudio for stm32 9.3.0/armtools/bin/../lib/gcc/arm-atollic-eabi/6.3.1/../../../../arm-atollic-eabi/lib/armv7e-m/fpu/fpv5-sp-d16\libc_nano.a(lib_a-vsnprintf.o)
 .text          0x080025e4        0x0 d:/новая папка (2)/truestudio for stm32 9.3.0/armtools/bin/../lib/gcc/arm-atollic-eabi/6.3.1/../../../../arm-atollic-eabi/lib/armv7e-m/fpu/fpv5-sp-d16\libc_nano.a(lib_a-findfp.o)
 .text          0x080025e4        0x0 d:/новая папка (2)/truestudio for stm32 9.3.0/armtools/bin/../lib/gcc/arm-atollic-eabi/6.3.1/../../../../arm-atollic-eabi/lib/armv7e-m/fpu/fpv5-sp-d16\libc_nano.a(lib_a-fwalk.o)
 .text          0x080025e4        0x0 d:/новая папка (2)/truestudio for stm32 9.3.0/armtools/bin/../lib/gcc/arm-atollic-eabi/6.3.1/../../../../arm-atollic-eabi/lib/armv7e-m/fpu/fpv5-sp-d16\libc_nano.a(lib_a-impure.o)
 .text          0x080025e4        0x0 d:/новая папка (2)/truestudio for stm32 9.3.0/armtools/bin/../lib/gcc/arm-atollic-eabi/6.3.1/../../../../arm-atollic-eabi/lib/armv7e-m/fpu/fpv5-sp-d16\libc_nano.a(lib_a-memset.o)
 .text          0x080025e4        0x0 d:/новая папка (2)/truestudio for stm32 9.3.0/armtools/bin/../lib/gcc/arm-atollic-eabi/6.3.1/../../../../arm-atollic-eabi/lib/armv7e-m/fpu/fpv5-sp-d16\libc_nano.a(lib_a-nano-mallocr.o)
 .text          0x080025e4        0x0 d:/новая папка (2)/truestudio for stm32 9.3.0/armtools/bin/../lib/gcc/arm-atollic-eabi/6.3.1/../../../../arm-atollic-eabi/lib/armv7e-m/fpu/fpv5-sp-d16\libc_nano.a(lib_a-nano-svfprintf.o)
 .text          0x080025e4        0x0 d:/новая папка (2)/truestudio for stm32 9.3.0/armtools/bin/../lib/gcc/arm-atollic-eabi/6.3.1/../../../../arm-atollic-eabi/lib/armv7e-m/fpu/fpv5-sp-d16\libc_nano.a(lib_a-nano-vfprintf.o)
 .text          0x080025e4        0x0 d:/новая папка (2)/truestudio for stm32 9.3.0/armtools/bin/../lib/gcc/arm-atollic-eabi/6.3.1/../../../../arm-atollic-eabi/lib/armv7e-m/fpu/fpv5-sp-d16\libc_nano.a(lib_a-nano-vfprintf_i.o)
 .text          0x080025e4        0x0 d:/новая папка (2)/truestudio for stm32 9.3.0/armtools/bin/../lib/gcc/arm-atollic-eabi/6.3.1/../../../../arm-atollic-eabi/lib/armv7e-m/fpu/fpv5-sp-d16\libc_nano.a(lib_a-sbrkr.o)
 .text          0x080025e4        0x0 d:/новая папка (2)/truestudio for stm32 9.3.0/armtools/bin/../lib/gcc/arm-atollic-eabi/6.3.1/../../../../arm-atollic-eabi/lib/armv7e-m/fpu/fpv5-sp-d16\libc_nano.a(lib_a-stdio.o)
 .text          0x080025e4        0x0 d:/новая папка (2)/truestudio for stm32 9.3.0/armtools/bin/../lib/gcc/arm-atollic-eabi/6.3.1/../../../../arm-atollic-eabi/lib/armv7e-m/fpu/fpv5-sp-d16\libc_nano.a(lib_a-wbuf.o)
 .text          0x080025e4        0x0 d:/новая папка (2)/truestudio for stm32 9.3.0/armtools/bin/../lib/gcc/arm-atollic-eabi/6.3.1/../../../../arm-atollic-eabi/lib/armv7e-m/fpu/fpv5-sp-d16\libc_nano.a(lib_a-writer.o)
 .text          0x080025e4        0x0 d:/новая папка (2)/truestudio for stm32 9.3.0/armtools/bin/../lib/gcc/arm-atollic-eabi/6.3.1/../../../../arm-atollic-eabi/lib/armv7e-m/fpu/fpv5-sp-d16\libc_nano.a(lib_a-wsetup.o)
 .text          0x080025e4        0x0 d:/новая папка (2)/truestudio for stm32 9.3.0/armtools/bin/../lib/gcc/arm-atollic-eabi/6.3.1/../../../../arm-atollic-eabi/lib/armv7e-m/fpu/fpv5-sp-d16\libc_nano.a(lib_a-closer.o)
 .text          0x080025e4        0x0 d:/новая папка (2)/truestudio for stm32 9.3.0/armtools/bin/../lib/gcc/arm-atollic-eabi/6.3.1/../../../../arm-atollic-eabi/lib/armv7e-m/fpu/fpv5-sp-d16\libc_nano.a(lib_a-fflush.o)
 .text          0x080025e4        0x0 d:/новая папка (2)/truestudio for stm32 9.3.0/armtools/bin/../lib/gcc/arm-atollic-eabi/6.3.1/../../../../arm-atollic-eabi/lib/armv7e-m/fpu/fpv5-sp-d16\libc_nano.a(lib_a-fvwrite.o)
 .text          0x080025e4        0x0 d:/новая папка (2)/truestudio for stm32 9.3.0/armtools/bin/../lib/gcc/arm-atollic-eabi/6.3.1/../../../../arm-atollic-eabi/lib/armv7e-m/fpu/fpv5-sp-d16\libc_nano.a(lib_a-lseekr.o)
 .text          0x080025e4        0x0 d:/новая папка (2)/truestudio for stm32 9.3.0/armtools/bin/../lib/gcc/arm-atollic-eabi/6.3.1/../../../../arm-atollic-eabi/lib/armv7e-m/fpu/fpv5-sp-d16\libc_nano.a(lib_a-makebuf.o)
 *fill*         0x080025e4        0xc 
 .text          0x080025f0       0xa0 d:/новая папка (2)/truestudio for stm32 9.3.0/armtools/bin/../lib/gcc/arm-atollic-eabi/6.3.1/../../../../arm-atollic-eabi/lib/armv7e-m/fpu/fpv5-sp-d16\libc_nano.a(lib_a-memchr.o)
                0x080025f0                memchr
 .text          0x08002690        0x0 d:/новая папка (2)/truestudio for stm32 9.3.0/armtools/bin/../lib/gcc/arm-atollic-eabi/6.3.1/../../../../arm-atollic-eabi/lib/armv7e-m/fpu/fpv5-sp-d16\libc_nano.a(lib_a-memcpy-stub.o)
 .text          0x08002690        0x0 d:/новая папка (2)/truestudio for stm32 9.3.0/armtools/bin/../lib/gcc/arm-atollic-eabi/6.3.1/../../../../arm-atollic-eabi/lib/armv7e-m/fpu/fpv5-sp-d16\libc_nano.a(lib_a-memmove.o)
 .text          0x08002690        0x0 d:/новая папка (2)/truestudio for stm32 9.3.0/armtools/bin/../lib/gcc/arm-atollic-eabi/6.3.1/../../../../arm-atollic-eabi/lib/armv7e-m/fpu/fpv5-sp-d16\libc_nano.a(lib_a-mlock.o)
 .text          0x08002690        0x0 d:/новая папка (2)/truestudio for stm32 9.3.0/armtools/bin/../lib/gcc/arm-atollic-eabi/6.3.1/../../../../arm-atollic-eabi/lib/armv7e-m/fpu/fpv5-sp-d16\libc_nano.a(lib_a-nano-freer.o)
 .text          0x08002690        0x0 d:/новая папка (2)/truestudio for stm32 9.3.0/armtools/bin/../lib/gcc/arm-atollic-eabi/6.3.1/../../../../arm-atollic-eabi/lib/armv7e-m/fpu/fpv5-sp-d16\libc_nano.a(lib_a-nano-reallocr.o)
 .text          0x08002690        0x0 d:/новая папка (2)/truestudio for stm32 9.3.0/armtools/bin/../lib/gcc/arm-atollic-eabi/6.3.1/../../../../arm-atollic-eabi/lib/armv7e-m/fpu/fpv5-sp-d16\libc_nano.a(lib_a-readr.o)
 .text          0x08002690        0x0 d:/новая папка (2)/truestudio for stm32 9.3.0/armtools/bin/../lib/gcc/arm-atollic-eabi/6.3.1/../../../../arm-atollic-eabi/lib/armv7e-m/fpu/fpv5-sp-d16\libc_nano.a(lib_a-reent.o)
 .text          0x08002690        0x0 d:/новая папка (2)/truestudio for stm32 9.3.0/armtools/bin/../lib/gcc/arm-atollic-eabi/6.3.1/../../../../arm-atollic-eabi/lib/armv7e-m/fpu/fpv5-sp-d16\libc_nano.a(lib_a-fstatr.o)
 .text          0x08002690        0x0 d:/новая папка (2)/truestudio for stm32 9.3.0/armtools/bin/../lib/gcc/arm-atollic-eabi/6.3.1/../../../../arm-atollic-eabi/lib/armv7e-m/fpu/fpv5-sp-d16\libc_nano.a(lib_a-isattyr.o)
 .text          0x08002690        0x0 d:/новая папка (2)/truestudio for stm32 9.3.0/armtools/bin/../lib/gcc/arm-atollic-eabi/6.3.1/../../../../arm-atollic-eabi/lib/armv7e-m/fpu/fpv5-sp-d16\libc_nano.a(lib_a-nano-msizer.o)
 .text          0x08002690        0x0 d:/новая папка (2)/truestudio for stm32 9.3.0/armtools/bin/../lib/gcc/arm-atollic-eabi/6.3.1/../../../../arm-atollic-eabi/lib/armv7e-m/fpu/fpv5-sp-d16\libm.a(lib_a-w_pow.o)
 .text          0x08002690        0x0 d:/новая папка (2)/truestudio for stm32 9.3.0/armtools/bin/../lib/gcc/arm-atollic-eabi/6.3.1/../../../../arm-atollic-eabi/lib/armv7e-m/fpu/fpv5-sp-d16\libm.a(lib_a-e_pow.o)
 .text          0x08002690        0x0 d:/новая папка (2)/truestudio for stm32 9.3.0/armtools/bin/../lib/gcc/arm-atollic-eabi/6.3.1/../../../../arm-atollic-eabi/lib/armv7e-m/fpu/fpv5-sp-d16\libm.a(lib_a-e_sqrt.o)
 .text          0x08002690        0x0 d:/новая папка (2)/truestudio for stm32 9.3.0/armtools/bin/../lib/gcc/arm-atollic-eabi/6.3.1/../../../../arm-atollic-eabi/lib/armv7e-m/fpu/fpv5-sp-d16\libm.a(lib_a-s_fabs.o)
 .text          0x08002690        0x0 d:/новая папка (2)/truestudio for stm32 9.3.0/armtools/bin/../lib/gcc/arm-atollic-eabi/6.3.1/../../../../arm-atollic-eabi/lib/armv7e-m/fpu/fpv5-sp-d16\libm.a(lib_a-s_finite.o)
 .text          0x08002690        0x0 d:/новая папка (2)/truestudio for stm32 9.3.0/armtools/bin/../lib/gcc/arm-atollic-eabi/6.3.1/../../../../arm-atollic-eabi/lib/armv7e-m/fpu/fpv5-sp-d16\libm.a(lib_a-s_lib_ver.o)
 .text          0x08002690        0x0 d:/новая папка (2)/truestudio for stm32 9.3.0/armtools/bin/../lib/gcc/arm-atollic-eabi/6.3.1/../../../../arm-atollic-eabi/lib/armv7e-m/fpu/fpv5-sp-d16\libm.a(lib_a-s_matherr.o)
 .text          0x08002690        0x0 d:/новая папка (2)/truestudio for stm32 9.3.0/armtools/bin/../lib/gcc/arm-atollic-eabi/6.3.1/../../../../arm-atollic-eabi/lib/armv7e-m/fpu/fpv5-sp-d16\libm.a(lib_a-s_nan.o)
 .text          0x08002690        0x0 d:/новая папка (2)/truestudio for stm32 9.3.0/armtools/bin/../lib/gcc/arm-atollic-eabi/6.3.1/../../../../arm-atollic-eabi/lib/armv7e-m/fpu/fpv5-sp-d16\libm.a(lib_a-s_rint.o)
 .text          0x08002690        0x0 d:/новая папка (2)/truestudio for stm32 9.3.0/armtools/bin/../lib/gcc/arm-atollic-eabi/6.3.1/../../../../arm-atollic-eabi/lib/armv7e-m/fpu/fpv5-sp-d16\libm.a(lib_a-s_scalbn.o)
 .text          0x08002690        0x0 d:/новая папка (2)/truestudio for stm32 9.3.0/armtools/bin/../lib/gcc/arm-atollic-eabi/6.3.1/../../../../arm-atollic-eabi/lib/armv7e-m/fpu/fpv5-sp-d16\libm.a(lib_a-s_copysign.o)
 .text          0x08002690        0x0 d:/новая папка (2)/truestudio for stm32 9.3.0/armtools/bin/../lib/gcc/arm-atollic-eabi/6.3.1/../../../../arm-atollic-eabi/lib/armv7e-m/fpu/fpv5-sp-d16\libc_nano.a(lib_a-errno.o)
 .text          0x08002690      0x370 d:/новая папка (2)/truestudio for stm32 9.3.0/armtools/bin/../lib/gcc/arm-atollic-eabi/6.3.1/armv7e-m/fpu/fpv5-sp-d16\libgcc.a(_arm_addsubdf3.o)
                0x08002690                __aeabi_drsub
                0x08002698                __aeabi_dsub
                0x08002698                __subdf3
                0x0800269c                __aeabi_dadd
                0x0800269c                __adddf3
                0x08002914                __floatunsidf
                0x08002914                __aeabi_ui2d
                0x08002934                __floatsidf
                0x08002934                __aeabi_i2d
                0x08002958                __aeabi_f2d
                0x08002958                __extendsfdf2
                0x08002994                __floatundidf
                0x08002994                __aeabi_ul2d
                0x080029a4                __floatdidf
                0x080029a4                __aeabi_l2d
 .text          0x08002a00      0x424 d:/новая папка (2)/truestudio for stm32 9.3.0/armtools/bin/../lib/gcc/arm-atollic-eabi/6.3.1/armv7e-m/fpu/fpv5-sp-d16\libgcc.a(_arm_muldivdf3.o)
                0x08002a00                __aeabi_dmul
                0x08002a00                __muldf3
                0x08002c54                __divdf3
                0x08002c54                __aeabi_ddiv
 .text          0x08002e24      0x110 d:/новая папка (2)/truestudio for stm32 9.3.0/armtools/bin/../lib/gcc/arm-atollic-eabi/6.3.1/armv7e-m/fpu/fpv5-sp-d16\libgcc.a(_arm_cmpdf2.o)
                0x08002e24                __gtdf2
                0x08002e24                __gedf2
                0x08002e2c                __ltdf2
                0x08002e2c                __ledf2
                0x08002e34                __nedf2
                0x08002e34                __eqdf2
                0x08002e34                __cmpdf2
                0x08002eb0                __aeabi_cdrcmple
                0x08002ec0                __aeabi_cdcmpeq
                0x08002ec0                __aeabi_cdcmple
                0x08002ed0                __aeabi_dcmpeq
                0x08002ee4                __aeabi_dcmplt
                0x08002ef8                __aeabi_dcmple
                0x08002f0c                __aeabi_dcmpge
                0x08002f20                __aeabi_dcmpgt
 .text          0x08002f34       0x2c d:/новая папка (2)/truestudio for stm32 9.3.0/armtools/bin/../lib/gcc/arm-atollic-eabi/6.3.1/armv7e-m/fpu/fpv5-sp-d16\libgcc.a(_arm_unorddf2.o)
                0x08002f34                __unorddf2
                0x08002f34                __aeabi_dcmpun
 .text          0x08002f60       0x40 d:/новая папка (2)/truestudio for stm32 9.3.0/armtools/bin/../lib/gcc/arm-atollic-eabi/6.3.1/armv7e-m/fpu/fpv5-sp-d16\libgcc.a(_arm_fixunsdfsi.o)
                0x08002f60                __aeabi_d2uiz
                0x08002f60                __fixunsdfsi
 .text          0x08002fa0        0x0 d:/новая папка (2)/truestudio for stm32 9.3.0/armtools/bin/../lib/gcc/arm-atollic-eabi/6.3.1/../../../../arm-atollic-eabi/lib/armv7e-m/fpu/fpv5-sp-d16\libnosys.a(close.o)
 .text          0x08002fa0        0x0 d:/новая папка (2)/truestudio for stm32 9.3.0/armtools/bin/../lib/gcc/arm-atollic-eabi/6.3.1/../../../../arm-atollic-eabi/lib/armv7e-m/fpu/fpv5-sp-d16\libnosys.a(fstat.o)
 .text          0x08002fa0        0x0 d:/новая папка (2)/truestudio for stm32 9.3.0/armtools/bin/../lib/gcc/arm-atollic-eabi/6.3.1/../../../../arm-atollic-eabi/lib/armv7e-m/fpu/fpv5-sp-d16\libnosys.a(isatty.o)
 .text          0x08002fa0        0x0 d:/новая папка (2)/truestudio for stm32 9.3.0/armtools/bin/../lib/gcc/arm-atollic-eabi/6.3.1/../../../../arm-atollic-eabi/lib/armv7e-m/fpu/fpv5-sp-d16\libnosys.a(lseek.o)
 .text          0x08002fa0        0x0 d:/новая папка (2)/truestudio for stm32 9.3.0/armtools/bin/../lib/gcc/arm-atollic-eabi/6.3.1/../../../../arm-atollic-eabi/lib/armv7e-m/fpu/fpv5-sp-d16\libnosys.a(read.o)
 .text          0x08002fa0        0x0 d:/новая папка (2)/truestudio for stm32 9.3.0/armtools/bin/../lib/gcc/arm-atollic-eabi/6.3.1/../../../../arm-atollic-eabi/lib/armv7e-m/fpu/fpv5-sp-d16\libnosys.a(sbrk.o)
 .text          0x08002fa0        0x0 d:/новая папка (2)/truestudio for stm32 9.3.0/armtools/bin/../lib/gcc/arm-atollic-eabi/6.3.1/../../../../arm-atollic-eabi/lib/armv7e-m/fpu/fpv5-sp-d16\libnosys.a(write.o)
 .text          0x08002fa0        0x0 d:/новая папка (2)/truestudio for stm32 9.3.0/armtools/bin/../lib/gcc/arm-atollic-eabi/6.3.1/armv7e-m/fpu/fpv5-sp-d16/crtend.o
 .text          0x08002fa0        0x0 d:/новая папка (2)/truestudio for stm32 9.3.0/armtools/bin/../lib/gcc/arm-atollic-eabi/6.3.1/armv7e-m/fpu/fpv5-sp-d16/crtn.o
 *(.text*)
 .text.Reset_Handler
                0x08002fa0       0x50 Startup\startup_stm32f767xx.o
                0x08002fa0                Reset_Handler
 .text.Default_Handler
                0x08002ff0        0x2 Startup\startup_stm32f767xx.o
                0x08002ff0                RTC_Alarm_IRQHandler
                0x08002ff0                EXTI2_IRQHandler
                0x08002ff0                TIM8_CC_IRQHandler
                0x08002ff0                DebugMon_Handler
                0x08002ff0                UART8_IRQHandler
                0x08002ff0                SPI4_IRQHandler
                0x08002ff0                TIM1_CC_IRQHandler
                0x08002ff0                DMA2_Stream5_IRQHandler
                0x08002ff0                HardFault_Handler
                0x08002ff0                JPEG_IRQHandler
                0x08002ff0                DMA1_Stream5_IRQHandler
                0x08002ff0                SysTick_Handler
                0x08002ff0                CAN3_RX1_IRQHandler
                0x08002ff0                PVD_IRQHandler
                0x08002ff0                TAMP_STAMP_IRQHandler
                0x08002ff0                PendSV_Handler
                0x08002ff0                NMI_Handler
                0x08002ff0                CAN2_RX1_IRQHandler
                0x08002ff0                EXTI3_IRQHandler
                0x08002ff0                TIM8_TRG_COM_TIM14_IRQHandler
                0x08002ff0                DFSDM1_FLT1_IRQHandler
                0x08002ff0                TIM1_UP_TIM10_IRQHandler
                0x08002ff0                TIM8_UP_TIM13_IRQHandler
                0x08002ff0                I2C3_ER_IRQHandler
                0x08002ff0                DFSDM1_FLT2_IRQHandler
                0x08002ff0                EXTI0_IRQHandler
                0x08002ff0                I2C2_EV_IRQHandler
                0x08002ff0                DMA1_Stream2_IRQHandler
                0x08002ff0                CAN1_RX0_IRQHandler
                0x08002ff0                FPU_IRQHandler
                0x08002ff0                OTG_HS_WKUP_IRQHandler
                0x08002ff0                CAN3_SCE_IRQHandler
                0x08002ff0                UsageFault_Handler
                0x08002ff0                LTDC_ER_IRQHandler
                0x08002ff0                CAN2_SCE_IRQHandler
                0x08002ff0                DMA2_Stream2_IRQHandler
                0x08002ff0                SPI1_IRQHandler
                0x08002ff0                TIM6_DAC_IRQHandler
                0x08002ff0                TIM1_BRK_TIM9_IRQHandler
                0x08002ff0                DCMI_IRQHandler
                0x08002ff0                CAN2_RX0_IRQHandler
                0x08002ff0                DMA2_Stream3_IRQHandler
                0x08002ff0                SAI2_IRQHandler
                0x08002ff0                DFSDM1_FLT3_IRQHandler
                0x08002ff0                USART6_IRQHandler
                0x08002ff0                CAN3_RX0_IRQHandler
                0x08002ff0                USART3_IRQHandler
                0x08002ff0                CAN1_RX1_IRQHandler
                0x08002ff0                UART5_IRQHandler
                0x08002ff0                DMA2_Stream0_IRQHandler
                0x08002ff0                TIM4_IRQHandler
                0x08002ff0                QUADSPI_IRQHandler
                0x08002ff0                I2C1_EV_IRQHandler
                0x08002ff0                DMA1_Stream6_IRQHandler
                0x08002ff0                DMA1_Stream1_IRQHandler
                0x08002ff0                UART4_IRQHandler
                0x08002ff0                TIM3_IRQHandler
                0x08002ff0                RCC_IRQHandler
                0x08002ff0                TIM8_BRK_TIM12_IRQHandler
                0x08002ff0                Default_Handler
                0x08002ff0                CEC_IRQHandler
                0x08002ff0                EXTI15_10_IRQHandler
                0x08002ff0                ADC_IRQHandler
                0x08002ff0                DMA1_Stream7_IRQHandler
                0x08002ff0                SPI5_IRQHandler
                0x08002ff0                TIM7_IRQHandler
                0x08002ff0                SDMMC1_IRQHandler
                0x08002ff0                CAN2_TX_IRQHandler
                0x08002ff0                TIM5_IRQHandler
                0x08002ff0                DMA2_Stream7_IRQHandler
                0x08002ff0                I2C3_EV_IRQHandler
                0x08002ff0                EXTI9_5_IRQHandler
                0x08002ff0                RTC_WKUP_IRQHandler
                0x08002ff0                LTDC_IRQHandler
                0x08002ff0                ETH_WKUP_IRQHandler
                0x08002ff0                SPDIF_RX_IRQHandler
                0x08002ff0                SPI2_IRQHandler
                0x08002ff0                OTG_HS_EP1_IN_IRQHandler
                0x08002ff0                MemManage_Handler
                0x08002ff0                DMA1_Stream0_IRQHandler
                0x08002ff0                CAN1_TX_IRQHandler
                0x08002ff0                SVC_Handler
                0x08002ff0                EXTI4_IRQHandler
                0x08002ff0                RNG_IRQHandler
                0x08002ff0                ETH_IRQHandler
                0x08002ff0                OTG_HS_EP1_OUT_IRQHandler
                0x08002ff0                WWDG_IRQHandler
                0x08002ff0                SPI6_IRQHandler
                0x08002ff0                MDIOS_IRQHandler
                0x08002ff0                I2C4_EV_IRQHandler
                0x08002ff0                CAN3_TX_IRQHandler
                0x08002ff0                TIM2_IRQHandler
                0x08002ff0                OTG_FS_WKUP_IRQHandler
                0x08002ff0                TIM1_TRG_COM_TIM11_IRQHandler
                0x08002ff0                OTG_HS_IRQHandler
                0x08002ff0                DMA2D_IRQHandler
                0x08002ff0                EXTI1_IRQHandler
                0x08002ff0                SDMMC2_IRQHandler
                0x08002ff0                UART7_IRQHandler
                0x08002ff0                USART2_IRQHandler
                0x08002ff0                DFSDM1_FLT0_IRQHandler
                0x08002ff0                I2C2_ER_IRQHandler
                0x08002ff0                DMA2_Stream1_IRQHandler
                0x08002ff0                CAN1_SCE_IRQHandler
                0x08002ff0                FLASH_IRQHandler
                0x08002ff0                DMA2_Stream4_IRQHandler
                0x08002ff0                BusFault_Handler
                0x08002ff0                USART1_IRQHandler
                0x08002ff0                OTG_FS_IRQHandler
                0x08002ff0                SPI3_IRQHandler
                0x08002ff0                DMA1_Stream4_IRQHandler
                0x08002ff0                I2C1_ER_IRQHandler
                0x08002ff0                FMC_IRQHandler
                0x08002ff0                LPTIM1_IRQHandler
                0x08002ff0                I2C4_ER_IRQHandler
                0x08002ff0                DMA2_Stream6_IRQHandler
                0x08002ff0                SAI1_IRQHandler
                0x08002ff0                DMA1_Stream3_IRQHandler
 *fill*         0x08002ff2        0x2 
 .text.__libc_init_array
                0x08002ff4       0x48 d:/новая папка (2)/truestudio for stm32 9.3.0/armtools/bin/../lib/gcc/arm-atollic-eabi/6.3.1/../../../../arm-atollic-eabi/lib/armv7e-m/fpu/fpv5-sp-d16\libc_nano.a(lib_a-init.o)
                0x08002ff4                __libc_init_array
 .text._printf_r
                0x0800303c       0x28 d:/новая папка (2)/truestudio for stm32 9.3.0/armtools/bin/../lib/gcc/arm-atollic-eabi/6.3.1/../../../../arm-atollic-eabi/lib/armv7e-m/fpu/fpv5-sp-d16\libc_nano.a(lib_a-printf.o)
                0x0800303c                _iprintf_r
                0x0800303c                _printf_r
 .text.printf   0x08003064       0x30 d:/новая папка (2)/truestudio for stm32 9.3.0/armtools/bin/../lib/gcc/arm-atollic-eabi/6.3.1/../../../../arm-atollic-eabi/lib/armv7e-m/fpu/fpv5-sp-d16\libc_nano.a(lib_a-printf.o)
                0x08003064                iprintf
                0x08003064                printf
 .text._vsnprintf_r
                0x08003094       0x58 d:/новая папка (2)/truestudio for stm32 9.3.0/armtools/bin/../lib/gcc/arm-atollic-eabi/6.3.1/../../../../arm-atollic-eabi/lib/armv7e-m/fpu/fpv5-sp-d16\libc_nano.a(lib_a-vsnprintf.o)
                0x08003094                _vsniprintf_r
                0x08003094                _vsnprintf_r
 .text.vsnprintf
                0x080030ec       0x1c d:/новая папка (2)/truestudio for stm32 9.3.0/armtools/bin/../lib/gcc/arm-atollic-eabi/6.3.1/../../../../arm-atollic-eabi/lib/armv7e-m/fpu/fpv5-sp-d16\libc_nano.a(lib_a-vsnprintf.o)
                0x080030ec                vsniprintf
                0x080030ec                vsnprintf
 .text.__fp_unlock
                0x08003108        0x4 d:/новая папка (2)/truestudio for stm32 9.3.0/armtools/bin/../lib/gcc/arm-atollic-eabi/6.3.1/../../../../arm-atollic-eabi/lib/armv7e-m/fpu/fpv5-sp-d16\libc_nano.a(lib_a-findfp.o)
 .text._cleanup_r
                0x0800310c        0xc d:/новая папка (2)/truestudio for stm32 9.3.0/armtools/bin/../lib/gcc/arm-atollic-eabi/6.3.1/../../../../arm-atollic-eabi/lib/armv7e-m/fpu/fpv5-sp-d16\libc_nano.a(lib_a-findfp.o)
                0x0800310c                _cleanup_r
 .text.std.isra.0
                0x08003118       0x48 d:/новая папка (2)/truestudio for stm32 9.3.0/armtools/bin/../lib/gcc/arm-atollic-eabi/6.3.1/../../../../arm-atollic-eabi/lib/armv7e-m/fpu/fpv5-sp-d16\libc_nano.a(lib_a-findfp.o)
 .text.__fp_lock
                0x08003160        0x4 d:/новая папка (2)/truestudio for stm32 9.3.0/armtools/bin/../lib/gcc/arm-atollic-eabi/6.3.1/../../../../arm-atollic-eabi/lib/armv7e-m/fpu/fpv5-sp-d16\libc_nano.a(lib_a-findfp.o)
 .text.__sfmoreglue
                0x08003164       0x2c d:/новая папка (2)/truestudio for stm32 9.3.0/armtools/bin/../lib/gcc/arm-atollic-eabi/6.3.1/../../../../arm-atollic-eabi/lib/armv7e-m/fpu/fpv5-sp-d16\libc_nano.a(lib_a-findfp.o)
                0x08003164                __sfmoreglue
 .text._cleanup
                0x08003190        0xc d:/новая папка (2)/truestudio for stm32 9.3.0/armtools/bin/../lib/gcc/arm-atollic-eabi/6.3.1/../../../../arm-atollic-eabi/lib/armv7e-m/fpu/fpv5-sp-d16\libc_nano.a(lib_a-findfp.o)
                0x08003190                _cleanup
 .text.__sinit  0x0800319c       0x60 d:/новая папка (2)/truestudio for stm32 9.3.0/armtools/bin/../lib/gcc/arm-atollic-eabi/6.3.1/../../../../arm-atollic-eabi/lib/armv7e-m/fpu/fpv5-sp-d16\libc_nano.a(lib_a-findfp.o)
                0x0800319c                __sinit
 .text.__sfp    0x080031fc       0x78 d:/новая папка (2)/truestudio for stm32 9.3.0/armtools/bin/../lib/gcc/arm-atollic-eabi/6.3.1/../../../../arm-atollic-eabi/lib/armv7e-m/fpu/fpv5-sp-d16\libc_nano.a(lib_a-findfp.o)
                0x080031fc                __sfp
 .text.__sfp_lock_acquire
                0x08003274        0x2 d:/новая папка (2)/truestudio for stm32 9.3.0/armtools/bin/../lib/gcc/arm-atollic-eabi/6.3.1/../../../../arm-atollic-eabi/lib/armv7e-m/fpu/fpv5-sp-d16\libc_nano.a(lib_a-findfp.o)
                0x08003274                __sfp_lock_acquire
 .text.__sfp_lock_release
                0x08003276        0x2 d:/новая папка (2)/truestudio for stm32 9.3.0/armtools/bin/../lib/gcc/arm-atollic-eabi/6.3.1/../../../../arm-atollic-eabi/lib/armv7e-m/fpu/fpv5-sp-d16\libc_nano.a(lib_a-findfp.o)
                0x08003276                __sfp_lock_release
 .text.__sinit_lock_acquire
                0x08003278        0x2 d:/новая папка (2)/truestudio for stm32 9.3.0/armtools/bin/../lib/gcc/arm-atollic-eabi/6.3.1/../../../../arm-atollic-eabi/lib/armv7e-m/fpu/fpv5-sp-d16\libc_nano.a(lib_a-findfp.o)
                0x08003278                __sinit_lock_acquire
 .text.__sinit_lock_release
                0x0800327a        0x2 d:/новая папка (2)/truestudio for stm32 9.3.0/armtools/bin/../lib/gcc/arm-atollic-eabi/6.3.1/../../../../arm-atollic-eabi/lib/armv7e-m/fpu/fpv5-sp-d16\libc_nano.a(lib_a-findfp.o)
                0x0800327a                __sinit_lock_release
 .text.__fp_lock_all
                0x0800327c       0x14 d:/новая папка (2)/truestudio for stm32 9.3.0/armtools/bin/../lib/gcc/arm-atollic-eabi/6.3.1/../../../../arm-atollic-eabi/lib/armv7e-m/fpu/fpv5-sp-d16\libc_nano.a(lib_a-findfp.o)
                0x0800327c                __fp_lock_all
 .text.__fp_unlock_all
                0x08003290       0x14 d:/новая папка (2)/truestudio for stm32 9.3.0/armtools/bin/../lib/gcc/arm-atollic-eabi/6.3.1/../../../../arm-atollic-eabi/lib/armv7e-m/fpu/fpv5-sp-d16\libc_nano.a(lib_a-findfp.o)
                0x08003290                __fp_unlock_all
 .text._fwalk   0x080032a4       0x38 d:/новая папка (2)/truestudio for stm32 9.3.0/armtools/bin/../lib/gcc/arm-atollic-eabi/6.3.1/../../../../arm-atollic-eabi/lib/armv7e-m/fpu/fpv5-sp-d16\libc_nano.a(lib_a-fwalk.o)
                0x080032a4                _fwalk
 .text._fwalk_reent
                0x080032dc       0x3c d:/новая папка (2)/truestudio for stm32 9.3.0/armtools/bin/../lib/gcc/arm-atollic-eabi/6.3.1/../../../../arm-atollic-eabi/lib/armv7e-m/fpu/fpv5-sp-d16\libc_nano.a(lib_a-fwalk.o)
                0x080032dc                _fwalk_reent
 .text.memset   0x08003318       0x10 d:/новая папка (2)/truestudio for stm32 9.3.0/armtools/bin/../lib/gcc/arm-atollic-eabi/6.3.1/../../../../arm-atollic-eabi/lib/armv7e-m/fpu/fpv5-sp-d16\libc_nano.a(lib_a-memset.o)
                0x08003318                memset
 .text._malloc_r
                0x08003328       0xbc d:/новая папка (2)/truestudio for stm32 9.3.0/armtools/bin/../lib/gcc/arm-atollic-eabi/6.3.1/../../../../arm-atollic-eabi/lib/armv7e-m/fpu/fpv5-sp-d16\libc_nano.a(lib_a-nano-mallocr.o)
                0x08003328                _malloc_r
 .text.__ssputs_r
                0x080033e4       0xb6 d:/новая папка (2)/truestudio for stm32 9.3.0/armtools/bin/../lib/gcc/arm-atollic-eabi/6.3.1/../../../../arm-atollic-eabi/lib/armv7e-m/fpu/fpv5-sp-d16\libc_nano.a(lib_a-nano-svfprintf.o)
                0x080033e4                __ssputs_r
 .text.__ssprint_r
                0x0800349a       0xf4 d:/новая папка (2)/truestudio for stm32 9.3.0/armtools/bin/../lib/gcc/arm-atollic-eabi/6.3.1/../../../../arm-atollic-eabi/lib/armv7e-m/fpu/fpv5-sp-d16\libc_nano.a(lib_a-nano-svfprintf.o)
                0x0800349a                __ssprint_r
 *fill*         0x0800358e        0x2 
 .text._svfprintf_r
                0x08003590      0x1e8 d:/новая папка (2)/truestudio for stm32 9.3.0/armtools/bin/../lib/gcc/arm-atollic-eabi/6.3.1/../../../../arm-atollic-eabi/lib/armv7e-m/fpu/fpv5-sp-d16\libc_nano.a(lib_a-nano-svfprintf.o)
                0x08003590                _svfiprintf_r
                0x08003590                _svfprintf_r
 .text.__sfputc_r
                0x08003778       0x30 d:/новая папка (2)/truestudio for stm32 9.3.0/armtools/bin/../lib/gcc/arm-atollic-eabi/6.3.1/../../../../arm-atollic-eabi/lib/armv7e-m/fpu/fpv5-sp-d16\libc_nano.a(lib_a-nano-vfprintf.o)
 .text.__sfputs_r
                0x080037a8       0x24 d:/новая папка (2)/truestudio for stm32 9.3.0/armtools/bin/../lib/gcc/arm-atollic-eabi/6.3.1/../../../../arm-atollic-eabi/lib/armv7e-m/fpu/fpv5-sp-d16\libc_nano.a(lib_a-nano-vfprintf.o)
                0x080037a8                __sfputs_r
 .text.__sprint_r
                0x080037cc       0x1a d:/новая папка (2)/truestudio for stm32 9.3.0/armtools/bin/../lib/gcc/arm-atollic-eabi/6.3.1/../../../../arm-atollic-eabi/lib/armv7e-m/fpu/fpv5-sp-d16\libc_nano.a(lib_a-nano-vfprintf.o)
                0x080037cc                __sprint_r
 *fill*         0x080037e6        0x2 
 .text._vfprintf_r
                0x080037e8      0x22c d:/новая папка (2)/truestudio for stm32 9.3.0/armtools/bin/../lib/gcc/arm-atollic-eabi/6.3.1/../../../../arm-atollic-eabi/lib/armv7e-m/fpu/fpv5-sp-d16\libc_nano.a(lib_a-nano-vfprintf.o)
                0x080037e8                _vfprintf_r
                0x080037e8                _vfiprintf_r
 .text.vfprintf
                0x08003a14       0x14 d:/новая папка (2)/truestudio for stm32 9.3.0/armtools/bin/../lib/gcc/arm-atollic-eabi/6.3.1/../../../../arm-atollic-eabi/lib/armv7e-m/fpu/fpv5-sp-d16\libc_nano.a(lib_a-nano-vfprintf.o)
                0x08003a14                vfprintf
                0x08003a14                vfiprintf
 .text._printf_common
                0x08003a28       0xec d:/новая папка (2)/truestudio for stm32 9.3.0/armtools/bin/../lib/gcc/arm-atollic-eabi/6.3.1/../../../../arm-atollic-eabi/lib/armv7e-m/fpu/fpv5-sp-d16\libc_nano.a(lib_a-nano-vfprintf_i.o)
                0x08003a28                _printf_common
 .text._printf_i
                0x08003b14      0x240 d:/новая папка (2)/truestudio for stm32 9.3.0/armtools/bin/../lib/gcc/arm-atollic-eabi/6.3.1/../../../../arm-atollic-eabi/lib/armv7e-m/fpu/fpv5-sp-d16\libc_nano.a(lib_a-nano-vfprintf_i.o)
                0x08003b14                _printf_i
 .text._sbrk_r  0x08003d54       0x20 d:/новая папка (2)/truestudio for stm32 9.3.0/armtools/bin/../lib/gcc/arm-atollic-eabi/6.3.1/../../../../arm-atollic-eabi/lib/armv7e-m/fpu/fpv5-sp-d16\libc_nano.a(lib_a-sbrkr.o)
                0x08003d54                _sbrk_r
 .text.__sread  0x08003d74       0x22 d:/новая папка (2)/truestudio for stm32 9.3.0/armtools/bin/../lib/gcc/arm-atollic-eabi/6.3.1/../../../../arm-atollic-eabi/lib/armv7e-m/fpu/fpv5-sp-d16\libc_nano.a(lib_a-stdio.o)
                0x08003d74                __sread
 .text.__seofread
                0x08003d96        0x4 d:/новая папка (2)/truestudio for stm32 9.3.0/armtools/bin/../lib/gcc/arm-atollic-eabi/6.3.1/../../../../arm-atollic-eabi/lib/armv7e-m/fpu/fpv5-sp-d16\libc_nano.a(lib_a-stdio.o)
                0x08003d96                __seofread
 .text.__swrite
                0x08003d9a       0x38 d:/новая папка (2)/truestudio for stm32 9.3.0/armtools/bin/../lib/gcc/arm-atollic-eabi/6.3.1/../../../../arm-atollic-eabi/lib/armv7e-m/fpu/fpv5-sp-d16\libc_nano.a(lib_a-stdio.o)
                0x08003d9a                __swrite
 .text.__sseek  0x08003dd2       0x24 d:/новая папка (2)/truestudio for stm32 9.3.0/armtools/bin/../lib/gcc/arm-atollic-eabi/6.3.1/../../../../arm-atollic-eabi/lib/armv7e-m/fpu/fpv5-sp-d16\libc_nano.a(lib_a-stdio.o)
                0x08003dd2                __sseek
 .text.__sclose
                0x08003df6        0x8 d:/новая папка (2)/truestudio for stm32 9.3.0/armtools/bin/../lib/gcc/arm-atollic-eabi/6.3.1/../../../../arm-atollic-eabi/lib/armv7e-m/fpu/fpv5-sp-d16\libc_nano.a(lib_a-stdio.o)
                0x08003df6                __sclose
 *fill*         0x08003dfe        0x2 
 .text.__swbuf_r
                0x08003e00       0xa4 d:/новая папка (2)/truestudio for stm32 9.3.0/armtools/bin/../lib/gcc/arm-atollic-eabi/6.3.1/../../../../arm-atollic-eabi/lib/armv7e-m/fpu/fpv5-sp-d16\libc_nano.a(lib_a-wbuf.o)
                0x08003e00                __swbuf_r
 .text.__swbuf  0x08003ea4       0x10 d:/новая папка (2)/truestudio for stm32 9.3.0/armtools/bin/../lib/gcc/arm-atollic-eabi/6.3.1/../../../../arm-atollic-eabi/lib/armv7e-m/fpu/fpv5-sp-d16\libc_nano.a(lib_a-wbuf.o)
                0x08003ea4                __swbuf
 .text._write_r
                0x08003eb4       0x24 d:/новая папка (2)/truestudio for stm32 9.3.0/armtools/bin/../lib/gcc/arm-atollic-eabi/6.3.1/../../../../arm-atollic-eabi/lib/armv7e-m/fpu/fpv5-sp-d16\libc_nano.a(lib_a-writer.o)
                0x08003eb4                _write_r
 .text.__swsetup_r
                0x08003ed8       0xdc d:/новая папка (2)/truestudio for stm32 9.3.0/armtools/bin/../lib/gcc/arm-atollic-eabi/6.3.1/../../../../arm-atollic-eabi/lib/armv7e-m/fpu/fpv5-sp-d16\libc_nano.a(lib_a-wsetup.o)
                0x08003ed8                __swsetup_r
 .text._close_r
                0x08003fb4       0x20 d:/новая папка (2)/truestudio for stm32 9.3.0/armtools/bin/../lib/gcc/arm-atollic-eabi/6.3.1/../../../../arm-atollic-eabi/lib/armv7e-m/fpu/fpv5-sp-d16\libc_nano.a(lib_a-closer.o)
                0x08003fb4                _close_r
 .text.__sflush_r
                0x08003fd4      0x110 d:/новая папка (2)/truestudio for stm32 9.3.0/armtools/bin/../lib/gcc/arm-atollic-eabi/6.3.1/../../../../arm-atollic-eabi/lib/armv7e-m/fpu/fpv5-sp-d16\libc_nano.a(lib_a-fflush.o)
                0x08003fd4                __sflush_r
 .text._fflush_r
                0x080040e4       0x54 d:/новая папка (2)/truestudio for stm32 9.3.0/armtools/bin/../lib/gcc/arm-atollic-eabi/6.3.1/../../../../arm-atollic-eabi/lib/armv7e-m/fpu/fpv5-sp-d16\libc_nano.a(lib_a-fflush.o)
                0x080040e4                _fflush_r
 .text.fflush   0x08004138       0x24 d:/новая папка (2)/truestudio for stm32 9.3.0/armtools/bin/../lib/gcc/arm-atollic-eabi/6.3.1/../../../../arm-atollic-eabi/lib/armv7e-m/fpu/fpv5-sp-d16\libc_nano.a(lib_a-fflush.o)
                0x08004138                fflush
 .text.__sfvwrite_r
                0x0800415c      0x29c d:/новая папка (2)/truestudio for stm32 9.3.0/armtools/bin/../lib/gcc/arm-atollic-eabi/6.3.1/../../../../arm-atollic-eabi/lib/armv7e-m/fpu/fpv5-sp-d16\libc_nano.a(lib_a-fvwrite.o)
                0x0800415c                __sfvwrite_r
 .text._lseek_r
                0x080043f8       0x24 d:/новая папка (2)/truestudio for stm32 9.3.0/armtools/bin/../lib/gcc/arm-atollic-eabi/6.3.1/../../../../arm-atollic-eabi/lib/armv7e-m/fpu/fpv5-sp-d16\libc_nano.a(lib_a-lseekr.o)
                0x080043f8                _lseek_r
 .text.__swhatbuf_r
                0x0800441c       0x48 d:/новая папка (2)/truestudio for stm32 9.3.0/armtools/bin/../lib/gcc/arm-atollic-eabi/6.3.1/../../../../arm-atollic-eabi/lib/armv7e-m/fpu/fpv5-sp-d16\libc_nano.a(lib_a-makebuf.o)
                0x0800441c                __swhatbuf_r
 .text.__smakebuf_r
                0x08004464       0x80 d:/новая папка (2)/truestudio for stm32 9.3.0/armtools/bin/../lib/gcc/arm-atollic-eabi/6.3.1/../../../../arm-atollic-eabi/lib/armv7e-m/fpu/fpv5-sp-d16\libc_nano.a(lib_a-makebuf.o)
                0x08004464                __smakebuf_r
 .text.memcpy   0x080044e4       0x16 d:/новая папка (2)/truestudio for stm32 9.3.0/armtools/bin/../lib/gcc/arm-atollic-eabi/6.3.1/../../../../arm-atollic-eabi/lib/armv7e-m/fpu/fpv5-sp-d16\libc_nano.a(lib_a-memcpy-stub.o)
                0x080044e4                memcpy
 .text.memmove  0x080044fa       0x34 d:/новая папка (2)/truestudio for stm32 9.3.0/armtools/bin/../lib/gcc/arm-atollic-eabi/6.3.1/../../../../arm-atollic-eabi/lib/armv7e-m/fpu/fpv5-sp-d16\libc_nano.a(lib_a-memmove.o)
                0x080044fa                memmove
 .text.__malloc_lock
                0x0800452e        0x2 d:/новая папка (2)/truestudio for stm32 9.3.0/armtools/bin/../lib/gcc/arm-atollic-eabi/6.3.1/../../../../arm-atollic-eabi/lib/armv7e-m/fpu/fpv5-sp-d16\libc_nano.a(lib_a-mlock.o)
                0x0800452e                __malloc_lock
 .text.__malloc_unlock
                0x08004530        0x2 d:/новая папка (2)/truestudio for stm32 9.3.0/armtools/bin/../lib/gcc/arm-atollic-eabi/6.3.1/../../../../arm-atollic-eabi/lib/armv7e-m/fpu/fpv5-sp-d16\libc_nano.a(lib_a-mlock.o)
                0x08004530                __malloc_unlock
 *fill*         0x08004532        0x2 
 .text._free_r  0x08004534       0x9c d:/новая папка (2)/truestudio for stm32 9.3.0/armtools/bin/../lib/gcc/arm-atollic-eabi/6.3.1/../../../../arm-atollic-eabi/lib/armv7e-m/fpu/fpv5-sp-d16\libc_nano.a(lib_a-nano-freer.o)
                0x08004534                _free_r
 .text._realloc_r
                0x080045d0       0x4c d:/новая папка (2)/truestudio for stm32 9.3.0/armtools/bin/../lib/gcc/arm-atollic-eabi/6.3.1/../../../../arm-atollic-eabi/lib/armv7e-m/fpu/fpv5-sp-d16\libc_nano.a(lib_a-nano-reallocr.o)
                0x080045d0                _realloc_r
 .text._read_r  0x0800461c       0x24 d:/новая папка (2)/truestudio for stm32 9.3.0/armtools/bin/../lib/gcc/arm-atollic-eabi/6.3.1/../../../../arm-atollic-eabi/lib/armv7e-m/fpu/fpv5-sp-d16\libc_nano.a(lib_a-readr.o)
                0x0800461c                _read_r
 .text.cleanup_glue
                0x08004640       0x1a d:/новая папка (2)/truestudio for stm32 9.3.0/armtools/bin/../lib/gcc/arm-atollic-eabi/6.3.1/../../../../arm-atollic-eabi/lib/armv7e-m/fpu/fpv5-sp-d16\libc_nano.a(lib_a-reent.o)
                0x08004640                cleanup_glue
 *fill*         0x0800465a        0x2 
 .text._reclaim_reent
                0x0800465c       0xb8 d:/новая папка (2)/truestudio for stm32 9.3.0/armtools/bin/../lib/gcc/arm-atollic-eabi/6.3.1/../../../../arm-atollic-eabi/lib/armv7e-m/fpu/fpv5-sp-d16\libc_nano.a(lib_a-reent.o)
                0x0800465c                _reclaim_reent
 .text._fstat_r
                0x08004714       0x24 d:/новая папка (2)/truestudio for stm32 9.3.0/armtools/bin/../lib/gcc/arm-atollic-eabi/6.3.1/../../../../arm-atollic-eabi/lib/armv7e-m/fpu/fpv5-sp-d16\libc_nano.a(lib_a-fstatr.o)
                0x08004714                _fstat_r
 .text._isatty_r
                0x08004738       0x20 d:/новая папка (2)/truestudio for stm32 9.3.0/armtools/bin/../lib/gcc/arm-atollic-eabi/6.3.1/../../../../arm-atollic-eabi/lib/armv7e-m/fpu/fpv5-sp-d16\libc_nano.a(lib_a-isattyr.o)
                0x08004738                _isatty_r
 .text._malloc_usable_size_r
                0x08004758       0x12 d:/новая папка (2)/truestudio for stm32 9.3.0/armtools/bin/../lib/gcc/arm-atollic-eabi/6.3.1/../../../../arm-atollic-eabi/lib/armv7e-m/fpu/fpv5-sp-d16\libc_nano.a(lib_a-nano-msizer.o)
                0x08004758                _malloc_usable_size_r
 *fill*         0x0800476a        0x2 
 .text.pow      0x0800476c      0x2f0 d:/новая папка (2)/truestudio for stm32 9.3.0/armtools/bin/../lib/gcc/arm-atollic-eabi/6.3.1/../../../../arm-atollic-eabi/lib/armv7e-m/fpu/fpv5-sp-d16\libm.a(lib_a-w_pow.o)
                0x0800476c                pow
 *fill*         0x08004a5c        0x4 
 .text.__ieee754_pow
                0x08004a60      0xa24 d:/новая папка (2)/truestudio for stm32 9.3.0/armtools/bin/../lib/gcc/arm-atollic-eabi/6.3.1/../../../../arm-atollic-eabi/lib/armv7e-m/fpu/fpv5-sp-d16\libm.a(lib_a-e_pow.o)
                0x08004a60                __ieee754_pow
 .text.__ieee754_sqrt
                0x08005484      0x160 d:/новая папка (2)/truestudio for stm32 9.3.0/armtools/bin/../lib/gcc/arm-atollic-eabi/6.3.1/../../../../arm-atollic-eabi/lib/armv7e-m/fpu/fpv5-sp-d16\libm.a(lib_a-e_sqrt.o)
                0x08005484                __ieee754_sqrt
 .text.fabs     0x080055e4        0xe d:/новая папка (2)/truestudio for stm32 9.3.0/armtools/bin/../lib/gcc/arm-atollic-eabi/6.3.1/../../../../arm-atollic-eabi/lib/armv7e-m/fpu/fpv5-sp-d16\libm.a(lib_a-s_fabs.o)
                0x080055e4                fabs
 .text.finite   0x080055f2       0x10 d:/новая папка (2)/truestudio for stm32 9.3.0/armtools/bin/../lib/gcc/arm-atollic-eabi/6.3.1/../../../../arm-atollic-eabi/lib/armv7e-m/fpu/fpv5-sp-d16\libm.a(lib_a-s_finite.o)
                0x080055f2                finite
 .text.matherr  0x08005602        0x4 d:/новая папка (2)/truestudio for stm32 9.3.0/armtools/bin/../lib/gcc/arm-atollic-eabi/6.3.1/../../../../arm-atollic-eabi/lib/armv7e-m/fpu/fpv5-sp-d16\libm.a(lib_a-s_matherr.o)
                0x08005602                matherr
 *fill*         0x08005606        0x2 
 .text.nan      0x08005608       0x10 d:/новая папка (2)/truestudio for stm32 9.3.0/armtools/bin/../lib/gcc/arm-atollic-eabi/6.3.1/../../../../arm-atollic-eabi/lib/armv7e-m/fpu/fpv5-sp-d16\libm.a(lib_a-s_nan.o)
                0x08005608                nan
 .text.rint     0x08005618      0x110 d:/новая папка (2)/truestudio for stm32 9.3.0/armtools/bin/../lib/gcc/arm-atollic-eabi/6.3.1/../../../../arm-atollic-eabi/lib/armv7e-m/fpu/fpv5-sp-d16\libm.a(lib_a-s_rint.o)
                0x08005618                rint
 .text.scalbn   0x08005728       0xf4 d:/новая папка (2)/truestudio for stm32 9.3.0/armtools/bin/../lib/gcc/arm-atollic-eabi/6.3.1/../../../../arm-atollic-eabi/lib/armv7e-m/fpu/fpv5-sp-d16\libm.a(lib_a-s_scalbn.o)
                0x08005728                scalbn
 .text.copysign
                0x0800581c       0x1a d:/новая папка (2)/truestudio for stm32 9.3.0/armtools/bin/../lib/gcc/arm-atollic-eabi/6.3.1/../../../../arm-atollic-eabi/lib/armv7e-m/fpu/fpv5-sp-d16\libm.a(lib_a-s_copysign.o)
                0x0800581c                copysign
 *fill*         0x08005836        0x2 
 .text.__errno  0x08005838        0xc d:/новая папка (2)/truestudio for stm32 9.3.0/armtools/bin/../lib/gcc/arm-atollic-eabi/6.3.1/../../../../arm-atollic-eabi/lib/armv7e-m/fpu/fpv5-sp-d16\libc_nano.a(lib_a-errno.o)
                0x08005838                __errno
 .text._close   0x08005844       0x10 d:/новая папка (2)/truestudio for stm32 9.3.0/armtools/bin/../lib/gcc/arm-atollic-eabi/6.3.1/../../../../arm-atollic-eabi/lib/armv7e-m/fpu/fpv5-sp-d16\libnosys.a(close.o)
                0x08005844                _close
 .text._fstat   0x08005854       0x10 d:/новая папка (2)/truestudio for stm32 9.3.0/armtools/bin/../lib/gcc/arm-atollic-eabi/6.3.1/../../../../arm-atollic-eabi/lib/armv7e-m/fpu/fpv5-sp-d16\libnosys.a(fstat.o)
                0x08005854                _fstat
 .text._isatty  0x08005864       0x10 d:/новая папка (2)/truestudio for stm32 9.3.0/armtools/bin/../lib/gcc/arm-atollic-eabi/6.3.1/../../../../arm-atollic-eabi/lib/armv7e-m/fpu/fpv5-sp-d16\libnosys.a(isatty.o)
                0x08005864                _isatty
 .text._lseek   0x08005874       0x10 d:/новая папка (2)/truestudio for stm32 9.3.0/armtools/bin/../lib/gcc/arm-atollic-eabi/6.3.1/../../../../arm-atollic-eabi/lib/armv7e-m/fpu/fpv5-sp-d16\libnosys.a(lseek.o)
                0x08005874                _lseek
 .text._read    0x08005884       0x10 d:/новая папка (2)/truestudio for stm32 9.3.0/armtools/bin/../lib/gcc/arm-atollic-eabi/6.3.1/../../../../arm-atollic-eabi/lib/armv7e-m/fpu/fpv5-sp-d16\libnosys.a(read.o)
                0x08005884                _read
 .text._sbrk    0x08005894       0x1c d:/новая папка (2)/truestudio for stm32 9.3.0/armtools/bin/../lib/gcc/arm-atollic-eabi/6.3.1/../../../../arm-atollic-eabi/lib/armv7e-m/fpu/fpv5-sp-d16\libnosys.a(sbrk.o)
                0x08005894                _sbrk
 .text._write   0x080058b0       0x10 d:/новая папка (2)/truestudio for stm32 9.3.0/armtools/bin/../lib/gcc/arm-atollic-eabi/6.3.1/../../../../arm-atollic-eabi/lib/armv7e-m/fpu/fpv5-sp-d16\libnosys.a(write.o)
                0x080058b0                _write
 *(.glue_7)
 .glue_7        0x080058c0        0x0 linker stubs
 *(.glue_7t)
 .glue_7t       0x080058c0        0x0 linker stubs
 *(.eh_frame)
 .eh_frame      0x080058c0        0x0 d:/новая папка (2)/truestudio for stm32 9.3.0/armtools/bin/../lib/gcc/arm-atollic-eabi/6.3.1/armv7e-m/fpu/fpv5-sp-d16/crtbegin.o
 .eh_frame      0x080058c0        0x4 d:/новая папка (2)/truestudio for stm32 9.3.0/armtools/bin/../lib/gcc/arm-atollic-eabi/6.3.1/armv7e-m/fpu/fpv5-sp-d16/crtend.o
 *(.init)
 .init          0x080058c4        0x4 d:/новая папка (2)/truestudio for stm32 9.3.0/armtools/bin/../lib/gcc/arm-atollic-eabi/6.3.1/armv7e-m/fpu/fpv5-sp-d16/crti.o
                0x080058c4                _init
 .init          0x080058c8        0x8 d:/новая папка (2)/truestudio for stm32 9.3.0/armtools/bin/../lib/gcc/arm-atollic-eabi/6.3.1/armv7e-m/fpu/fpv5-sp-d16/crtn.o
 *(.fini)
 .fini          0x080058d0        0x4 d:/новая папка (2)/truestudio for stm32 9.3.0/armtools/bin/../lib/gcc/arm-atollic-eabi/6.3.1/armv7e-m/fpu/fpv5-sp-d16/crti.o
                0x080058d0                _fini
 .fini          0x080058d4        0x8 d:/новая папка (2)/truestudio for stm32 9.3.0/armtools/bin/../lib/gcc/arm-atollic-eabi/6.3.1/armv7e-m/fpu/fpv5-sp-d16/crtn.o
                0x080058dc                . = ALIGN (0x4)
                0x080058dc                _etext = .

.vfp11_veneer   0x080058dc        0x0
 .vfp11_veneer  0x080058dc        0x0 linker stubs

.v4_bx          0x080058dc        0x0
 .v4_bx         0x080058dc        0x0 linker stubs

.iplt           0x080058dc        0x0
 .iplt          0x080058dc        0x0 d:/новая папка (2)/truestudio for stm32 9.3.0/armtools/bin/../lib/gcc/arm-atollic-eabi/6.3.1/armv7e-m/fpu/fpv5-sp-d16/crtbegin.o

.rodata         0x080058e0     0x32e0
                0x080058e0                . = ALIGN (0x4)
 *(.rodata)
 .rodata        0x080058e0       0x18 CMSIS\src\system_stm32f7xx.o
                0x080058e0                AHBPrescTable
                0x080058f0                APBPrescTable
 .rodata        0x080058f8     0x2200 Code\inc\Font\f16f.o
                0x080058f8                f10x16f_table
 .rodata        0x08007af8      0x1f4 Code\inc\Font\f24f.o
                0x08007af8                f24f_table
 .rodata        0x08007cec      0x294 Code\inc\Font\f32f.o
                0x08007cec                f32f_table
 .rodata        0x08007f80      0xa00 Code\inc\Font\f6x8m.o
                0x08007f80                f6x8m_table
 .rodata        0x08008980       0x10 Code\inc\Font\font.o
                0x08008980                font_table_funcs
 .rodata        0x08008990       0x47 Code\src\Render.o
 *fill*         0x080089d7        0x1 
 .rodata        0x080089d8       0x13 Code\src\consol.o
 *fill*         0x080089eb        0x1 
 .rodata        0x080089ec        0x7 Code\src\ili9341.o
 *fill*         0x080089f3        0x1 
 .rodata        0x080089f4       0xee Code\src\main.o
 *(.rodata*)
 *fill*         0x08008ae2        0x2 
 .rodata.__sf_fake_stderr
                0x08008ae4       0x20 d:/новая папка (2)/truestudio for stm32 9.3.0/armtools/bin/../lib/gcc/arm-atollic-eabi/6.3.1/../../../../arm-atollic-eabi/lib/armv7e-m/fpu/fpv5-sp-d16\libc_nano.a(lib_a-findfp.o)
                0x08008ae4                __sf_fake_stderr
 .rodata.__sf_fake_stdin
                0x08008b04       0x20 d:/новая папка (2)/truestudio for stm32 9.3.0/armtools/bin/../lib/gcc/arm-atollic-eabi/6.3.1/../../../../arm-atollic-eabi/lib/armv7e-m/fpu/fpv5-sp-d16\libc_nano.a(lib_a-findfp.o)
                0x08008b04                __sf_fake_stdin
 .rodata.__sf_fake_stdout
                0x08008b24       0x20 d:/новая папка (2)/truestudio for stm32 9.3.0/armtools/bin/../lib/gcc/arm-atollic-eabi/6.3.1/../../../../arm-atollic-eabi/lib/armv7e-m/fpu/fpv5-sp-d16\libc_nano.a(lib_a-findfp.o)
                0x08008b24                __sf_fake_stdout
 .rodata._global_impure_ptr
                0x08008b44        0x4 d:/новая папка (2)/truestudio for stm32 9.3.0/armtools/bin/../lib/gcc/arm-atollic-eabi/6.3.1/../../../../arm-atollic-eabi/lib/armv7e-m/fpu/fpv5-sp-d16\libc_nano.a(lib_a-impure.o)
                0x08008b44                _global_impure_ptr
 .rodata._svfprintf_r.str1.1
                0x08008b48       0x11 d:/новая папка (2)/truestudio for stm32 9.3.0/armtools/bin/../lib/gcc/arm-atollic-eabi/6.3.1/../../../../arm-atollic-eabi/lib/armv7e-m/fpu/fpv5-sp-d16\libc_nano.a(lib_a-nano-svfprintf.o)
 .rodata._vfprintf_r.str1.1
                0x08008b59       0x11 d:/новая папка (2)/truestudio for stm32 9.3.0/armtools/bin/../lib/gcc/arm-atollic-eabi/6.3.1/../../../../arm-atollic-eabi/lib/armv7e-m/fpu/fpv5-sp-d16\libc_nano.a(lib_a-nano-vfprintf.o)
 .rodata._printf_i.str1.1
                0x08008b59       0x22 d:/новая папка (2)/truestudio for stm32 9.3.0/armtools/bin/../lib/gcc/arm-atollic-eabi/6.3.1/../../../../arm-atollic-eabi/lib/armv7e-m/fpu/fpv5-sp-d16\libc_nano.a(lib_a-nano-vfprintf_i.o)
 .rodata.pow.str1.1
                0x08008b7b        0x4 d:/новая папка (2)/truestudio for stm32 9.3.0/armtools/bin/../lib/gcc/arm-atollic-eabi/6.3.1/../../../../arm-atollic-eabi/lib/armv7e-m/fpu/fpv5-sp-d16\libm.a(lib_a-w_pow.o)
 .rodata.__ieee754_pow.str1.1
                0x08008b7f        0x4 d:/новая папка (2)/truestudio for stm32 9.3.0/armtools/bin/../lib/gcc/arm-atollic-eabi/6.3.1/../../../../arm-atollic-eabi/lib/armv7e-m/fpu/fpv5-sp-d16\libm.a(lib_a-e_pow.o)
                                  0x1 (size before relaxing)
 *fill*         0x08008b7f        0x1 
 .rodata.bp     0x08008b80       0x10 d:/новая папка (2)/truestudio for stm32 9.3.0/armtools/bin/../lib/gcc/arm-atollic-eabi/6.3.1/../../../../arm-atollic-eabi/lib/armv7e-m/fpu/fpv5-sp-d16\libm.a(lib_a-e_pow.o)
 .rodata.dp_h   0x08008b90       0x10 d:/новая папка (2)/truestudio for stm32 9.3.0/armtools/bin/../lib/gcc/arm-atollic-eabi/6.3.1/../../../../arm-atollic-eabi/lib/armv7e-m/fpu/fpv5-sp-d16\libm.a(lib_a-e_pow.o)
 .rodata.dp_l   0x08008ba0       0x10 d:/новая папка (2)/truestudio for stm32 9.3.0/armtools/bin/../lib/gcc/arm-atollic-eabi/6.3.1/../../../../arm-atollic-eabi/lib/armv7e-m/fpu/fpv5-sp-d16\libm.a(lib_a-e_pow.o)
 .rodata.TWO52  0x08008bb0       0x10 d:/новая папка (2)/truestudio for stm32 9.3.0/armtools/bin/../lib/gcc/arm-atollic-eabi/6.3.1/../../../../arm-atollic-eabi/lib/armv7e-m/fpu/fpv5-sp-d16\libm.a(lib_a-s_rint.o)
                0x08008bc0                . = ALIGN (0x4)

.rel.dyn        0x08008bc0        0x0
 .rel.iplt      0x08008bc0        0x0 d:/новая папка (2)/truestudio for stm32 9.3.0/armtools/bin/../lib/gcc/arm-atollic-eabi/6.3.1/armv7e-m/fpu/fpv5-sp-d16/crtbegin.o

.ARM.extab
 *(.ARM.extab* .gnu.linkonce.armextab.*)

.ARM            0x08008bc0        0x0
                0x08008bc0                __exidx_start = .
 *(.ARM.exidx*)
                0x08008bc0                __exidx_end = .

.preinit_array  0x08008bc0        0x0
                0x08008bc0                PROVIDE (__preinit_array_start, .)
 *(.preinit_array*)
                0x08008bc0                PROVIDE (__preinit_array_end, .)

.init_array     0x08008bc0        0x4
                0x08008bc0                PROVIDE (__init_array_start, .)
 *(SORT(.init_array.*))
 *(.init_array*)
 .init_array    0x08008bc0        0x4 d:/новая папка (2)/truestudio for stm32 9.3.0/armtools/bin/../lib/gcc/arm-atollic-eabi/6.3.1/armv7e-m/fpu/fpv5-sp-d16/crtbegin.o
                0x08008bc4                PROVIDE (__init_array_end, .)

.fini_array     0x08008bc4        0x4
                [!provide]                PROVIDE (__fini_array_start, .)
 *(SORT(.fini_array.*))
 *(.fini_array*)
 .fini_array    0x08008bc4        0x4 d:/новая папка (2)/truestudio for stm32 9.3.0/armtools/bin/../lib/gcc/arm-atollic-eabi/6.3.1/armv7e-m/fpu/fpv5-sp-d16/crtbegin.o
                [!provide]                PROVIDE (__fini_array_end, .)
                0x08008bc8                _sidata = LOADADDR (.data)

.data           0x20020000       0x98 load address 0x08008bc8
                0x20020000                . = ALIGN (0x4)
                0x20020000                _sdata = .
 *(.data)
 .data          0x20020000        0x0 d:/новая папка (2)/truestudio for stm32 9.3.0/armtools/bin/../lib/gcc/arm-atollic-eabi/6.3.1/armv7e-m/fpu/fpv5-sp-d16/crti.o
 .data          0x20020000        0x4 d:/новая папка (2)/truestudio for stm32 9.3.0/armtools/bin/../lib/gcc/arm-atollic-eabi/6.3.1/armv7e-m/fpu/fpv5-sp-d16/crtbegin.o
                0x20020000                __dso_handle
 .data          0x20020004        0x4 CMSIS\src\system_stm32f7xx.o
                0x20020004                SystemCoreClock
 .data          0x20020008        0x0 Code\inc\Font\f16f.o
 .data          0x20020008        0x0 Code\inc\Font\f24f.o
 .data          0x20020008        0x0 Code\inc\Font\f32f.o
 .data          0x20020008        0x0 Code\inc\Font\f6x8m.o
 .data          0x20020008        0x0 Code\inc\Font\font.o
 .data          0x20020008        0x0 Code\src\HSEClock.o
 .data          0x20020008       0x20 Code\src\Render.o
 .data          0x20020028        0x0 Code\src\consol.o
 .data          0x20020028        0x4 Code\src\ili9341.o
 .data          0x2002002c        0x4 Code\src\main.o
                0x2002002c                clock
 .data          0x20020030        0x0 Code\src\ulib.o
 .data          0x20020030        0x0 Startup\startup_stm32f767xx.o
 .data          0x20020030        0x0 d:/новая папка (2)/truestudio for stm32 9.3.0/armtools/bin/../lib/gcc/arm-atollic-eabi/6.3.1/../../../../arm-atollic-eabi/lib/armv7e-m/fpu/fpv5-sp-d16\libc_nano.a(lib_a-init.o)
 .data          0x20020030        0x0 d:/новая папка (2)/truestudio for stm32 9.3.0/armtools/bin/../lib/gcc/arm-atollic-eabi/6.3.1/../../../../arm-atollic-eabi/lib/armv7e-m/fpu/fpv5-sp-d16\libc_nano.a(lib_a-printf.o)
 .data          0x20020030        0x0 d:/новая папка (2)/truestudio for stm32 9.3.0/armtools/bin/../lib/gcc/arm-atollic-eabi/6.3.1/../../../../arm-atollic-eabi/lib/armv7e-m/fpu/fpv5-sp-d16\libc_nano.a(lib_a-vsnprintf.o)
 .data          0x20020030        0x0 d:/новая папка (2)/truestudio for stm32 9.3.0/armtools/bin/../lib/gcc/arm-atollic-eabi/6.3.1/../../../../arm-atollic-eabi/lib/armv7e-m/fpu/fpv5-sp-d16\libc_nano.a(lib_a-findfp.o)
 .data          0x20020030        0x0 d:/новая папка (2)/truestudio for stm32 9.3.0/armtools/bin/../lib/gcc/arm-atollic-eabi/6.3.1/../../../../arm-atollic-eabi/lib/armv7e-m/fpu/fpv5-sp-d16\libc_nano.a(lib_a-fwalk.o)
 .data          0x20020030        0x0 d:/новая папка (2)/truestudio for stm32 9.3.0/armtools/bin/../lib/gcc/arm-atollic-eabi/6.3.1/../../../../arm-atollic-eabi/lib/armv7e-m/fpu/fpv5-sp-d16\libc_nano.a(lib_a-impure.o)
 .data          0x20020030        0x0 d:/новая папка (2)/truestudio for stm32 9.3.0/armtools/bin/../lib/gcc/arm-atollic-eabi/6.3.1/../../../../arm-atollic-eabi/lib/armv7e-m/fpu/fpv5-sp-d16\libc_nano.a(lib_a-memset.o)
 .data          0x20020030        0x0 d:/новая папка (2)/truestudio for stm32 9.3.0/armtools/bin/../lib/gcc/arm-atollic-eabi/6.3.1/../../../../arm-atollic-eabi/lib/armv7e-m/fpu/fpv5-sp-d16\libc_nano.a(lib_a-nano-mallocr.o)
 .data          0x20020030        0x0 d:/новая папка (2)/truestudio for stm32 9.3.0/armtools/bin/../lib/gcc/arm-atollic-eabi/6.3.1/../../../../arm-atollic-eabi/lib/armv7e-m/fpu/fpv5-sp-d16\libc_nano.a(lib_a-nano-svfprintf.o)
 .data          0x20020030        0x0 d:/новая папка (2)/truestudio for stm32 9.3.0/armtools/bin/../lib/gcc/arm-atollic-eabi/6.3.1/../../../../arm-atollic-eabi/lib/armv7e-m/fpu/fpv5-sp-d16\libc_nano.a(lib_a-nano-vfprintf.o)
 .data          0x20020030        0x0 d:/новая папка (2)/truestudio for stm32 9.3.0/armtools/bin/../lib/gcc/arm-atollic-eabi/6.3.1/../../../../arm-atollic-eabi/lib/armv7e-m/fpu/fpv5-sp-d16\libc_nano.a(lib_a-nano-vfprintf_i.o)
 .data          0x20020030        0x0 d:/новая папка (2)/truestudio for stm32 9.3.0/armtools/bin/../lib/gcc/arm-atollic-eabi/6.3.1/../../../../arm-atollic-eabi/lib/armv7e-m/fpu/fpv5-sp-d16\libc_nano.a(lib_a-sbrkr.o)
 .data          0x20020030        0x0 d:/новая папка (2)/truestudio for stm32 9.3.0/armtools/bin/../lib/gcc/arm-atollic-eabi/6.3.1/../../../../arm-atollic-eabi/lib/armv7e-m/fpu/fpv5-sp-d16\libc_nano.a(lib_a-stdio.o)
 .data          0x20020030        0x0 d:/новая папка (2)/truestudio for stm32 9.3.0/armtools/bin/../lib/gcc/arm-atollic-eabi/6.3.1/../../../../arm-atollic-eabi/lib/armv7e-m/fpu/fpv5-sp-d16\libc_nano.a(lib_a-wbuf.o)
 .data          0x20020030        0x0 d:/новая папка (2)/truestudio for stm32 9.3.0/armtools/bin/../lib/gcc/arm-atollic-eabi/6.3.1/../../../../arm-atollic-eabi/lib/armv7e-m/fpu/fpv5-sp-d16\libc_nano.a(lib_a-writer.o)
 .data          0x20020030        0x0 d:/новая папка (2)/truestudio for stm32 9.3.0/armtools/bin/../lib/gcc/arm-atollic-eabi/6.3.1/../../../../arm-atollic-eabi/lib/armv7e-m/fpu/fpv5-sp-d16\libc_nano.a(lib_a-wsetup.o)
 .data          0x20020030        0x0 d:/новая папка (2)/truestudio for stm32 9.3.0/armtools/bin/../lib/gcc/arm-atollic-eabi/6.3.1/../../../../arm-atollic-eabi/lib/armv7e-m/fpu/fpv5-sp-d16\libc_nano.a(lib_a-closer.o)
 .data          0x20020030        0x0 d:/новая папка (2)/truestudio for stm32 9.3.0/armtools/bin/../lib/gcc/arm-atollic-eabi/6.3.1/../../../../arm-atollic-eabi/lib/armv7e-m/fpu/fpv5-sp-d16\libc_nano.a(lib_a-fflush.o)
 .data          0x20020030        0x0 d:/новая папка (2)/truestudio for stm32 9.3.0/armtools/bin/../lib/gcc/arm-atollic-eabi/6.3.1/../../../../arm-atollic-eabi/lib/armv7e-m/fpu/fpv5-sp-d16\libc_nano.a(lib_a-fvwrite.o)
 .data          0x20020030        0x0 d:/новая папка (2)/truestudio for stm32 9.3.0/armtools/bin/../lib/gcc/arm-atollic-eabi/6.3.1/../../../../arm-atollic-eabi/lib/armv7e-m/fpu/fpv5-sp-d16\libc_nano.a(lib_a-lseekr.o)
 .data          0x20020030        0x0 d:/новая папка (2)/truestudio for stm32 9.3.0/armtools/bin/../lib/gcc/arm-atollic-eabi/6.3.1/../../../../arm-atollic-eabi/lib/armv7e-m/fpu/fpv5-sp-d16\libc_nano.a(lib_a-makebuf.o)
 .data          0x20020030        0x0 d:/новая папка (2)/truestudio for stm32 9.3.0/armtools/bin/../lib/gcc/arm-atollic-eabi/6.3.1/../../../../arm-atollic-eabi/lib/armv7e-m/fpu/fpv5-sp-d16\libc_nano.a(lib_a-memchr.o)
 .data          0x20020030        0x0 d:/новая папка (2)/truestudio for stm32 9.3.0/armtools/bin/../lib/gcc/arm-atollic-eabi/6.3.1/../../../../arm-atollic-eabi/lib/armv7e-m/fpu/fpv5-sp-d16\libc_nano.a(lib_a-memcpy-stub.o)
 .data          0x20020030        0x0 d:/новая папка (2)/truestudio for stm32 9.3.0/armtools/bin/../lib/gcc/arm-atollic-eabi/6.3.1/../../../../arm-atollic-eabi/lib/armv7e-m/fpu/fpv5-sp-d16\libc_nano.a(lib_a-memmove.o)
 .data          0x20020030        0x0 d:/новая папка (2)/truestudio for stm32 9.3.0/armtools/bin/../lib/gcc/arm-atollic-eabi/6.3.1/../../../../arm-atollic-eabi/lib/armv7e-m/fpu/fpv5-sp-d16\libc_nano.a(lib_a-mlock.o)
 .data          0x20020030        0x0 d:/новая папка (2)/truestudio for stm32 9.3.0/armtools/bin/../lib/gcc/arm-atollic-eabi/6.3.1/../../../../arm-atollic-eabi/lib/armv7e-m/fpu/fpv5-sp-d16\libc_nano.a(lib_a-nano-freer.o)
 .data          0x20020030        0x0 d:/новая папка (2)/truestudio for stm32 9.3.0/armtools/bin/../lib/gcc/arm-atollic-eabi/6.3.1/../../../../arm-atollic-eabi/lib/armv7e-m/fpu/fpv5-sp-d16\libc_nano.a(lib_a-nano-reallocr.o)
 .data          0x20020030        0x0 d:/новая папка (2)/truestudio for stm32 9.3.0/armtools/bin/../lib/gcc/arm-atollic-eabi/6.3.1/../../../../arm-atollic-eabi/lib/armv7e-m/fpu/fpv5-sp-d16\libc_nano.a(lib_a-readr.o)
 .data          0x20020030        0x0 d:/новая папка (2)/truestudio for stm32 9.3.0/armtools/bin/../lib/gcc/arm-atollic-eabi/6.3.1/../../../../arm-atollic-eabi/lib/armv7e-m/fpu/fpv5-sp-d16\libc_nano.a(lib_a-reent.o)
 .data          0x20020030        0x0 d:/новая папка (2)/truestudio for stm32 9.3.0/armtools/bin/../lib/gcc/arm-atollic-eabi/6.3.1/../../../../arm-atollic-eabi/lib/armv7e-m/fpu/fpv5-sp-d16\libc_nano.a(lib_a-fstatr.o)
 .data          0x20020030        0x0 d:/новая папка (2)/truestudio for stm32 9.3.0/armtools/bin/../lib/gcc/arm-atollic-eabi/6.3.1/../../../../arm-atollic-eabi/lib/armv7e-m/fpu/fpv5-sp-d16\libc_nano.a(lib_a-isattyr.o)
 .data          0x20020030        0x0 d:/новая папка (2)/truestudio for stm32 9.3.0/armtools/bin/../lib/gcc/arm-atollic-eabi/6.3.1/../../../../arm-atollic-eabi/lib/armv7e-m/fpu/fpv5-sp-d16\libc_nano.a(lib_a-nano-msizer.o)
 .data          0x20020030        0x0 d:/новая папка (2)/truestudio for stm32 9.3.0/armtools/bin/../lib/gcc/arm-atollic-eabi/6.3.1/../../../../arm-atollic-eabi/lib/armv7e-m/fpu/fpv5-sp-d16\libm.a(lib_a-w_pow.o)
 .data          0x20020030        0x0 d:/новая папка (2)/truestudio for stm32 9.3.0/armtools/bin/../lib/gcc/arm-atollic-eabi/6.3.1/../../../../arm-atollic-eabi/lib/armv7e-m/fpu/fpv5-sp-d16\libm.a(lib_a-e_pow.o)
 .data          0x20020030        0x0 d:/новая папка (2)/truestudio for stm32 9.3.0/armtools/bin/../lib/gcc/arm-atollic-eabi/6.3.1/../../../../arm-atollic-eabi/lib/armv7e-m/fpu/fpv5-sp-d16\libm.a(lib_a-e_sqrt.o)
 .data          0x20020030        0x0 d:/новая папка (2)/truestudio for stm32 9.3.0/armtools/bin/../lib/gcc/arm-atollic-eabi/6.3.1/../../../../arm-atollic-eabi/lib/armv7e-m/fpu/fpv5-sp-d16\libm.a(lib_a-s_fabs.o)
 .data          0x20020030        0x0 d:/новая папка (2)/truestudio for stm32 9.3.0/armtools/bin/../lib/gcc/arm-atollic-eabi/6.3.1/../../../../arm-atollic-eabi/lib/armv7e-m/fpu/fpv5-sp-d16\libm.a(lib_a-s_finite.o)
 .data          0x20020030        0x0 d:/новая папка (2)/truestudio for stm32 9.3.0/armtools/bin/../lib/gcc/arm-atollic-eabi/6.3.1/../../../../arm-atollic-eabi/lib/armv7e-m/fpu/fpv5-sp-d16\libm.a(lib_a-s_lib_ver.o)
 .data          0x20020030        0x0 d:/новая папка (2)/truestudio for stm32 9.3.0/armtools/bin/../lib/gcc/arm-atollic-eabi/6.3.1/../../../../arm-atollic-eabi/lib/armv7e-m/fpu/fpv5-sp-d16\libm.a(lib_a-s_matherr.o)
 .data          0x20020030        0x0 d:/новая папка (2)/truestudio for stm32 9.3.0/armtools/bin/../lib/gcc/arm-atollic-eabi/6.3.1/../../../../arm-atollic-eabi/lib/armv7e-m/fpu/fpv5-sp-d16\libm.a(lib_a-s_nan.o)
 .data          0x20020030        0x0 d:/новая папка (2)/truestudio for stm32 9.3.0/armtools/bin/../lib/gcc/arm-atollic-eabi/6.3.1/../../../../arm-atollic-eabi/lib/armv7e-m/fpu/fpv5-sp-d16\libm.a(lib_a-s_rint.o)
 .data          0x20020030        0x0 d:/новая папка (2)/truestudio for stm32 9.3.0/armtools/bin/../lib/gcc/arm-atollic-eabi/6.3.1/../../../../arm-atollic-eabi/lib/armv7e-m/fpu/fpv5-sp-d16\libm.a(lib_a-s_scalbn.o)
 .data          0x20020030        0x0 d:/новая папка (2)/truestudio for stm32 9.3.0/armtools/bin/../lib/gcc/arm-atollic-eabi/6.3.1/../../../../arm-atollic-eabi/lib/armv7e-m/fpu/fpv5-sp-d16\libm.a(lib_a-s_copysign.o)
 .data          0x20020030        0x0 d:/новая папка (2)/truestudio for stm32 9.3.0/armtools/bin/../lib/gcc/arm-atollic-eabi/6.3.1/../../../../arm-atollic-eabi/lib/armv7e-m/fpu/fpv5-sp-d16\libc_nano.a(lib_a-errno.o)
 .data          0x20020030        0x0 d:/новая папка (2)/truestudio for stm32 9.3.0/armtools/bin/../lib/gcc/arm-atollic-eabi/6.3.1/armv7e-m/fpu/fpv5-sp-d16\libgcc.a(_arm_addsubdf3.o)
 .data          0x20020030        0x0 d:/новая папка (2)/truestudio for stm32 9.3.0/armtools/bin/../lib/gcc/arm-atollic-eabi/6.3.1/armv7e-m/fpu/fpv5-sp-d16\libgcc.a(_arm_muldivdf3.o)
 .data          0x20020030        0x0 d:/новая папка (2)/truestudio for stm32 9.3.0/armtools/bin/../lib/gcc/arm-atollic-eabi/6.3.1/armv7e-m/fpu/fpv5-sp-d16\libgcc.a(_arm_cmpdf2.o)
 .data          0x20020030        0x0 d:/новая папка (2)/truestudio for stm32 9.3.0/armtools/bin/../lib/gcc/arm-atollic-eabi/6.3.1/armv7e-m/fpu/fpv5-sp-d16\libgcc.a(_arm_unorddf2.o)
 .data          0x20020030        0x0 d:/новая папка (2)/truestudio for stm32 9.3.0/armtools/bin/../lib/gcc/arm-atollic-eabi/6.3.1/armv7e-m/fpu/fpv5-sp-d16\libgcc.a(_arm_fixunsdfsi.o)
 .data          0x20020030        0x0 d:/новая папка (2)/truestudio for stm32 9.3.0/armtools/bin/../lib/gcc/arm-atollic-eabi/6.3.1/../../../../arm-atollic-eabi/lib/armv7e-m/fpu/fpv5-sp-d16\libnosys.a(close.o)
 .data          0x20020030        0x0 d:/новая папка (2)/truestudio for stm32 9.3.0/armtools/bin/../lib/gcc/arm-atollic-eabi/6.3.1/../../../../arm-atollic-eabi/lib/armv7e-m/fpu/fpv5-sp-d16\libnosys.a(fstat.o)
 .data          0x20020030        0x0 d:/новая папка (2)/truestudio for stm32 9.3.0/armtools/bin/../lib/gcc/arm-atollic-eabi/6.3.1/../../../../arm-atollic-eabi/lib/armv7e-m/fpu/fpv5-sp-d16\libnosys.a(isatty.o)
 .data          0x20020030        0x0 d:/новая папка (2)/truestudio for stm32 9.3.0/armtools/bin/../lib/gcc/arm-atollic-eabi/6.3.1/../../../../arm-atollic-eabi/lib/armv7e-m/fpu/fpv5-sp-d16\libnosys.a(lseek.o)
 .data          0x20020030        0x0 d:/новая папка (2)/truestudio for stm32 9.3.0/armtools/bin/../lib/gcc/arm-atollic-eabi/6.3.1/../../../../arm-atollic-eabi/lib/armv7e-m/fpu/fpv5-sp-d16\libnosys.a(read.o)
 .data          0x20020030        0x0 d:/новая папка (2)/truestudio for stm32 9.3.0/armtools/bin/../lib/gcc/arm-atollic-eabi/6.3.1/../../../../arm-atollic-eabi/lib/armv7e-m/fpu/fpv5-sp-d16\libnosys.a(sbrk.o)
 .data          0x20020030        0x0 d:/новая папка (2)/truestudio for stm32 9.3.0/armtools/bin/../lib/gcc/arm-atollic-eabi/6.3.1/../../../../arm-atollic-eabi/lib/armv7e-m/fpu/fpv5-sp-d16\libnosys.a(write.o)
 .data          0x20020030        0x0 d:/новая папка (2)/truestudio for stm32 9.3.0/armtools/bin/../lib/gcc/arm-atollic-eabi/6.3.1/armv7e-m/fpu/fpv5-sp-d16/crtend.o
 .data          0x20020030        0x0 d:/новая папка (2)/truestudio for stm32 9.3.0/armtools/bin/../lib/gcc/arm-atollic-eabi/6.3.1/armv7e-m/fpu/fpv5-sp-d16/crtn.o
 *(.data*)
 .data._impure_ptr
                0x20020030        0x4 d:/новая папка (2)/truestudio for stm32 9.3.0/armtools/bin/../lib/gcc/arm-atollic-eabi/6.3.1/../../../../arm-atollic-eabi/lib/armv7e-m/fpu/fpv5-sp-d16\libc_nano.a(lib_a-impure.o)
                0x20020030                _impure_ptr
 .data.impure_data
                0x20020034       0x60 d:/новая папка (2)/truestudio for stm32 9.3.0/armtools/bin/../lib/gcc/arm-atollic-eabi/6.3.1/../../../../arm-atollic-eabi/lib/armv7e-m/fpu/fpv5-sp-d16\libc_nano.a(lib_a-impure.o)
 .data.__fdlib_version
                0x20020094        0x1 d:/новая папка (2)/truestudio for stm32 9.3.0/armtools/bin/../lib/gcc/arm-atollic-eabi/6.3.1/../../../../arm-atollic-eabi/lib/armv7e-m/fpu/fpv5-sp-d16\libm.a(lib_a-s_lib_ver.o)
                0x20020094                __fdlib_version
                0x20020098                . = ALIGN (0x4)
 *fill*         0x20020095        0x3 
                0x20020098                _edata = .
                0x08008c60                _sidtcmram = LOADADDR (.dtcmram)

.igot.plt       0x20020098        0x0 load address 0x08008c60
 .igot.plt      0x20020098        0x0 d:/новая папка (2)/truestudio for stm32 9.3.0/armtools/bin/../lib/gcc/arm-atollic-eabi/6.3.1/armv7e-m/fpu/fpv5-sp-d16/crtbegin.o

.dtcmram        0x20000000        0x0 load address 0x08008c60
                0x20000000                . = ALIGN (0x4)
                0x20000000                _sdtcmram = .
 *(.dtcmram)
 *(.dtcmram*)
                0x20000000                . = ALIGN (0x4)
                0x20000000                _edtcmram = .
                0x08008c60                _sisram2 = LOADADDR (.sram2)

.sram2          0x2007c000        0x0 load address 0x08008c60
                0x2007c000                . = ALIGN (0x4)
                0x2007c000                _ssram2 = .
 *(.sram2)
 *(.sram2*)
                0x2007c000                . = ALIGN (0x4)
                0x2007c000                _esram2 = .
                0x2007c000                . = ALIGN (0x4)

.bss            0x20020098    0x25858
                0x20020098                _sbss = .
                0x20020098                __bss_start__ = _sbss
 *(.bss)
 .bss           0x20020098        0x0 d:/новая папка (2)/truestudio for stm32 9.3.0/armtools/bin/../lib/gcc/arm-atollic-eabi/6.3.1/armv7e-m/fpu/fpv5-sp-d16/crti.o
 .bss           0x20020098       0x1c d:/новая папка (2)/truestudio for stm32 9.3.0/armtools/bin/../lib/gcc/arm-atollic-eabi/6.3.1/armv7e-m/fpu/fpv5-sp-d16/crtbegin.o
 .bss           0x200200b4        0x0 CMSIS\src\system_stm32f7xx.o
 .bss           0x200200b4        0x0 Code\inc\Font\f16f.o
 .bss           0x200200b4        0x0 Code\inc\Font\f24f.o
 .bss           0x200200b4        0x0 Code\inc\Font\f32f.o
 .bss           0x200200b4        0x0 Code\inc\Font\f6x8m.o
 .bss           0x200200b4        0x0 Code\inc\Font\font.o
 .bss           0x200200b4        0x0 Code\src\HSEClock.o
 .bss           0x200200b4        0x0 Code\src\Render.o
 .bss           0x200200b4        0x2 Code\src\consol.o
 .bss           0x200200b6        0x1 Code\src\ili9341.o
 .bss           0x200200b7        0x0 Code\src\main.o
 .bss           0x200200b7        0x0 Code\src\ulib.o
 .bss           0x200200b7        0x0 Startup\startup_stm32f767xx.o
 .bss           0x200200b7        0x0 d:/новая папка (2)/truestudio for stm32 9.3.0/armtools/bin/../lib/gcc/arm-atollic-eabi/6.3.1/../../../../arm-atollic-eabi/lib/armv7e-m/fpu/fpv5-sp-d16\libc_nano.a(lib_a-init.o)
 .bss           0x200200b7        0x0 d:/новая папка (2)/truestudio for stm32 9.3.0/armtools/bin/../lib/gcc/arm-atollic-eabi/6.3.1/../../../../arm-atollic-eabi/lib/armv7e-m/fpu/fpv5-sp-d16\libc_nano.a(lib_a-printf.o)
 .bss           0x200200b7        0x0 d:/новая папка (2)/truestudio for stm32 9.3.0/armtools/bin/../lib/gcc/arm-atollic-eabi/6.3.1/../../../../arm-atollic-eabi/lib/armv7e-m/fpu/fpv5-sp-d16\libc_nano.a(lib_a-vsnprintf.o)
 .bss           0x200200b7        0x0 d:/новая папка (2)/truestudio for stm32 9.3.0/armtools/bin/../lib/gcc/arm-atollic-eabi/6.3.1/../../../../arm-atollic-eabi/lib/armv7e-m/fpu/fpv5-sp-d16\libc_nano.a(lib_a-findfp.o)
 .bss           0x200200b7        0x0 d:/новая папка (2)/truestudio for stm32 9.3.0/armtools/bin/../lib/gcc/arm-atollic-eabi/6.3.1/../../../../arm-atollic-eabi/lib/armv7e-m/fpu/fpv5-sp-d16\libc_nano.a(lib_a-fwalk.o)
 .bss           0x200200b7        0x0 d:/новая папка (2)/truestudio for stm32 9.3.0/armtools/bin/../lib/gcc/arm-atollic-eabi/6.3.1/../../../../arm-atollic-eabi/lib/armv7e-m/fpu/fpv5-sp-d16\libc_nano.a(lib_a-impure.o)
 .bss           0x200200b7        0x0 d:/новая папка (2)/truestudio for stm32 9.3.0/armtools/bin/../lib/gcc/arm-atollic-eabi/6.3.1/../../../../arm-atollic-eabi/lib/armv7e-m/fpu/fpv5-sp-d16\libc_nano.a(lib_a-memset.o)
 .bss           0x200200b7        0x0 d:/новая папка (2)/truestudio for stm32 9.3.0/armtools/bin/../lib/gcc/arm-atollic-eabi/6.3.1/../../../../arm-atollic-eabi/lib/armv7e-m/fpu/fpv5-sp-d16\libc_nano.a(lib_a-nano-mallocr.o)
 .bss           0x200200b7        0x0 d:/новая папка (2)/truestudio for stm32 9.3.0/armtools/bin/../lib/gcc/arm-atollic-eabi/6.3.1/../../../../arm-atollic-eabi/lib/armv7e-m/fpu/fpv5-sp-d16\libc_nano.a(lib_a-nano-svfprintf.o)
 .bss           0x200200b7        0x0 d:/новая папка (2)/truestudio for stm32 9.3.0/armtools/bin/../lib/gcc/arm-atollic-eabi/6.3.1/../../../../arm-atollic-eabi/lib/armv7e-m/fpu/fpv5-sp-d16\libc_nano.a(lib_a-nano-vfprintf.o)
 .bss           0x200200b7        0x0 d:/новая папка (2)/truestudio for stm32 9.3.0/armtools/bin/../lib/gcc/arm-atollic-eabi/6.3.1/../../../../arm-atollic-eabi/lib/armv7e-m/fpu/fpv5-sp-d16\libc_nano.a(lib_a-nano-vfprintf_i.o)
 .bss           0x200200b7        0x0 d:/новая папка (2)/truestudio for stm32 9.3.0/armtools/bin/../lib/gcc/arm-atollic-eabi/6.3.1/../../../../arm-atollic-eabi/lib/armv7e-m/fpu/fpv5-sp-d16\libc_nano.a(lib_a-sbrkr.o)
 .bss           0x200200b7        0x0 d:/новая папка (2)/truestudio for stm32 9.3.0/armtools/bin/../lib/gcc/arm-atollic-eabi/6.3.1/../../../../arm-atollic-eabi/lib/armv7e-m/fpu/fpv5-sp-d16\libc_nano.a(lib_a-stdio.o)
 .bss           0x200200b7        0x0 d:/новая папка (2)/truestudio for stm32 9.3.0/armtools/bin/../lib/gcc/arm-atollic-eabi/6.3.1/../../../../arm-atollic-eabi/lib/armv7e-m/fpu/fpv5-sp-d16\libc_nano.a(lib_a-wbuf.o)
 .bss           0x200200b7        0x0 d:/новая папка (2)/truestudio for stm32 9.3.0/armtools/bin/../lib/gcc/arm-atollic-eabi/6.3.1/../../../../arm-atollic-eabi/lib/armv7e-m/fpu/fpv5-sp-d16\libc_nano.a(lib_a-writer.o)
 .bss           0x200200b7        0x0 d:/новая папка (2)/truestudio for stm32 9.3.0/armtools/bin/../lib/gcc/arm-atollic-eabi/6.3.1/../../../../arm-atollic-eabi/lib/armv7e-m/fpu/fpv5-sp-d16\libc_nano.a(lib_a-wsetup.o)
 .bss           0x200200b7        0x0 d:/новая папка (2)/truestudio for stm32 9.3.0/armtools/bin/../lib/gcc/arm-atollic-eabi/6.3.1/../../../../arm-atollic-eabi/lib/armv7e-m/fpu/fpv5-sp-d16\libc_nano.a(lib_a-closer.o)
 .bss           0x200200b7        0x0 d:/новая папка (2)/truestudio for stm32 9.3.0/armtools/bin/../lib/gcc/arm-atollic-eabi/6.3.1/../../../../arm-atollic-eabi/lib/armv7e-m/fpu/fpv5-sp-d16\libc_nano.a(lib_a-fflush.o)
 .bss           0x200200b7        0x0 d:/новая папка (2)/truestudio for stm32 9.3.0/armtools/bin/../lib/gcc/arm-atollic-eabi/6.3.1/../../../../arm-atollic-eabi/lib/armv7e-m/fpu/fpv5-sp-d16\libc_nano.a(lib_a-fvwrite.o)
 .bss           0x200200b7        0x0 d:/новая папка (2)/truestudio for stm32 9.3.0/armtools/bin/../lib/gcc/arm-atollic-eabi/6.3.1/../../../../arm-atollic-eabi/lib/armv7e-m/fpu/fpv5-sp-d16\libc_nano.a(lib_a-lseekr.o)
 .bss           0x200200b7        0x0 d:/новая папка (2)/truestudio for stm32 9.3.0/armtools/bin/../lib/gcc/arm-atollic-eabi/6.3.1/../../../../arm-atollic-eabi/lib/armv7e-m/fpu/fpv5-sp-d16\libc_nano.a(lib_a-makebuf.o)
 .bss           0x200200b7        0x0 d:/новая папка (2)/truestudio for stm32 9.3.0/armtools/bin/../lib/gcc/arm-atollic-eabi/6.3.1/../../../../arm-atollic-eabi/lib/armv7e-m/fpu/fpv5-sp-d16\libc_nano.a(lib_a-memchr.o)
 .bss           0x200200b7        0x0 d:/новая папка (2)/truestudio for stm32 9.3.0/armtools/bin/../lib/gcc/arm-atollic-eabi/6.3.1/../../../../arm-atollic-eabi/lib/armv7e-m/fpu/fpv5-sp-d16\libc_nano.a(lib_a-memcpy-stub.o)
 .bss           0x200200b7        0x0 d:/новая папка (2)/truestudio for stm32 9.3.0/armtools/bin/../lib/gcc/arm-atollic-eabi/6.3.1/../../../../arm-atollic-eabi/lib/armv7e-m/fpu/fpv5-sp-d16\libc_nano.a(lib_a-memmove.o)
 .bss           0x200200b7        0x0 d:/новая папка (2)/truestudio for stm32 9.3.0/armtools/bin/../lib/gcc/arm-atollic-eabi/6.3.1/../../../../arm-atollic-eabi/lib/armv7e-m/fpu/fpv5-sp-d16\libc_nano.a(lib_a-mlock.o)
 .bss           0x200200b7        0x0 d:/новая папка (2)/truestudio for stm32 9.3.0/armtools/bin/../lib/gcc/arm-atollic-eabi/6.3.1/../../../../arm-atollic-eabi/lib/armv7e-m/fpu/fpv5-sp-d16\libc_nano.a(lib_a-nano-freer.o)
 .bss           0x200200b7        0x0 d:/новая папка (2)/truestudio for stm32 9.3.0/armtools/bin/../lib/gcc/arm-atollic-eabi/6.3.1/../../../../arm-atollic-eabi/lib/armv7e-m/fpu/fpv5-sp-d16\libc_nano.a(lib_a-nano-reallocr.o)
 .bss           0x200200b7        0x0 d:/новая папка (2)/truestudio for stm32 9.3.0/armtools/bin/../lib/gcc/arm-atollic-eabi/6.3.1/../../../../arm-atollic-eabi/lib/armv7e-m/fpu/fpv5-sp-d16\libc_nano.a(lib_a-readr.o)
 .bss           0x200200b7        0x0 d:/новая папка (2)/truestudio for stm32 9.3.0/armtools/bin/../lib/gcc/arm-atollic-eabi/6.3.1/../../../../arm-atollic-eabi/lib/armv7e-m/fpu/fpv5-sp-d16\libc_nano.a(lib_a-reent.o)
 .bss           0x200200b7        0x0 d:/новая папка (2)/truestudio for stm32 9.3.0/armtools/bin/../lib/gcc/arm-atollic-eabi/6.3.1/../../../../arm-atollic-eabi/lib/armv7e-m/fpu/fpv5-sp-d16\libc_nano.a(lib_a-fstatr.o)
 .bss           0x200200b7        0x0 d:/новая папка (2)/truestudio for stm32 9.3.0/armtools/bin/../lib/gcc/arm-atollic-eabi/6.3.1/../../../../arm-atollic-eabi/lib/armv7e-m/fpu/fpv5-sp-d16\libc_nano.a(lib_a-isattyr.o)
 .bss           0x200200b7        0x0 d:/новая папка (2)/truestudio for stm32 9.3.0/armtools/bin/../lib/gcc/arm-atollic-eabi/6.3.1/../../../../arm-atollic-eabi/lib/armv7e-m/fpu/fpv5-sp-d16\libc_nano.a(lib_a-nano-msizer.o)
 .bss           0x200200b7        0x0 d:/новая папка (2)/truestudio for stm32 9.3.0/armtools/bin/../lib/gcc/arm-atollic-eabi/6.3.1/../../../../arm-atollic-eabi/lib/armv7e-m/fpu/fpv5-sp-d16\libm.a(lib_a-w_pow.o)
 .bss           0x200200b7        0x0 d:/новая папка (2)/truestudio for stm32 9.3.0/armtools/bin/../lib/gcc/arm-atollic-eabi/6.3.1/../../../../arm-atollic-eabi/lib/armv7e-m/fpu/fpv5-sp-d16\libm.a(lib_a-e_pow.o)
 .bss           0x200200b7        0x0 d:/новая папка (2)/truestudio for stm32 9.3.0/armtools/bin/../lib/gcc/arm-atollic-eabi/6.3.1/../../../../arm-atollic-eabi/lib/armv7e-m/fpu/fpv5-sp-d16\libm.a(lib_a-e_sqrt.o)
 .bss           0x200200b7        0x0 d:/новая папка (2)/truestudio for stm32 9.3.0/armtools/bin/../lib/gcc/arm-atollic-eabi/6.3.1/../../../../arm-atollic-eabi/lib/armv7e-m/fpu/fpv5-sp-d16\libm.a(lib_a-s_fabs.o)
 .bss           0x200200b7        0x0 d:/новая папка (2)/truestudio for stm32 9.3.0/armtools/bin/../lib/gcc/arm-atollic-eabi/6.3.1/../../../../arm-atollic-eabi/lib/armv7e-m/fpu/fpv5-sp-d16\libm.a(lib_a-s_finite.o)
 .bss           0x200200b7        0x0 d:/новая папка (2)/truestudio for stm32 9.3.0/armtools/bin/../lib/gcc/arm-atollic-eabi/6.3.1/../../../../arm-atollic-eabi/lib/armv7e-m/fpu/fpv5-sp-d16\libm.a(lib_a-s_lib_ver.o)
 .bss           0x200200b7        0x0 d:/новая папка (2)/truestudio for stm32 9.3.0/armtools/bin/../lib/gcc/arm-atollic-eabi/6.3.1/../../../../arm-atollic-eabi/lib/armv7e-m/fpu/fpv5-sp-d16\libm.a(lib_a-s_matherr.o)
 .bss           0x200200b7        0x0 d:/новая папка (2)/truestudio for stm32 9.3.0/armtools/bin/../lib/gcc/arm-atollic-eabi/6.3.1/../../../../arm-atollic-eabi/lib/armv7e-m/fpu/fpv5-sp-d16\libm.a(lib_a-s_nan.o)
 .bss           0x200200b7        0x0 d:/новая папка (2)/truestudio for stm32 9.3.0/armtools/bin/../lib/gcc/arm-atollic-eabi/6.3.1/../../../../arm-atollic-eabi/lib/armv7e-m/fpu/fpv5-sp-d16\libm.a(lib_a-s_rint.o)
 .bss           0x200200b7        0x0 d:/новая папка (2)/truestudio for stm32 9.3.0/armtools/bin/../lib/gcc/arm-atollic-eabi/6.3.1/../../../../arm-atollic-eabi/lib/armv7e-m/fpu/fpv5-sp-d16\libm.a(lib_a-s_scalbn.o)
 .bss           0x200200b7        0x0 d:/новая папка (2)/truestudio for stm32 9.3.0/armtools/bin/../lib/gcc/arm-atollic-eabi/6.3.1/../../../../arm-atollic-eabi/lib/armv7e-m/fpu/fpv5-sp-d16\libm.a(lib_a-s_copysign.o)
 .bss           0x200200b7        0x0 d:/новая папка (2)/truestudio for stm32 9.3.0/armtools/bin/../lib/gcc/arm-atollic-eabi/6.3.1/../../../../arm-atollic-eabi/lib/armv7e-m/fpu/fpv5-sp-d16\libc_nano.a(lib_a-errno.o)
 .bss           0x200200b7        0x0 d:/новая папка (2)/truestudio for stm32 9.3.0/armtools/bin/../lib/gcc/arm-atollic-eabi/6.3.1/armv7e-m/fpu/fpv5-sp-d16\libgcc.a(_arm_addsubdf3.o)
 .bss           0x200200b7        0x0 d:/новая папка (2)/truestudio for stm32 9.3.0/armtools/bin/../lib/gcc/arm-atollic-eabi/6.3.1/armv7e-m/fpu/fpv5-sp-d16\libgcc.a(_arm_muldivdf3.o)
 .bss           0x200200b7        0x0 d:/новая папка (2)/truestudio for stm32 9.3.0/armtools/bin/../lib/gcc/arm-atollic-eabi/6.3.1/armv7e-m/fpu/fpv5-sp-d16\libgcc.a(_arm_cmpdf2.o)
 .bss           0x200200b7        0x0 d:/новая папка (2)/truestudio for stm32 9.3.0/armtools/bin/../lib/gcc/arm-atollic-eabi/6.3.1/armv7e-m/fpu/fpv5-sp-d16\libgcc.a(_arm_unorddf2.o)
 .bss           0x200200b7        0x0 d:/новая папка (2)/truestudio for stm32 9.3.0/armtools/bin/../lib/gcc/arm-atollic-eabi/6.3.1/armv7e-m/fpu/fpv5-sp-d16\libgcc.a(_arm_fixunsdfsi.o)
 .bss           0x200200b7        0x0 d:/новая папка (2)/truestudio for stm32 9.3.0/armtools/bin/../lib/gcc/arm-atollic-eabi/6.3.1/../../../../arm-atollic-eabi/lib/armv7e-m/fpu/fpv5-sp-d16\libnosys.a(close.o)
 .bss           0x200200b7        0x0 d:/новая папка (2)/truestudio for stm32 9.3.0/armtools/bin/../lib/gcc/arm-atollic-eabi/6.3.1/../../../../arm-atollic-eabi/lib/armv7e-m/fpu/fpv5-sp-d16\libnosys.a(fstat.o)
 .bss           0x200200b7        0x0 d:/новая папка (2)/truestudio for stm32 9.3.0/armtools/bin/../lib/gcc/arm-atollic-eabi/6.3.1/../../../../arm-atollic-eabi/lib/armv7e-m/fpu/fpv5-sp-d16\libnosys.a(isatty.o)
 .bss           0x200200b7        0x0 d:/новая папка (2)/truestudio for stm32 9.3.0/armtools/bin/../lib/gcc/arm-atollic-eabi/6.3.1/../../../../arm-atollic-eabi/lib/armv7e-m/fpu/fpv5-sp-d16\libnosys.a(lseek.o)
 .bss           0x200200b7        0x0 d:/новая папка (2)/truestudio for stm32 9.3.0/armtools/bin/../lib/gcc/arm-atollic-eabi/6.3.1/../../../../arm-atollic-eabi/lib/armv7e-m/fpu/fpv5-sp-d16\libnosys.a(read.o)
 .bss           0x200200b7        0x0 d:/новая папка (2)/truestudio for stm32 9.3.0/armtools/bin/../lib/gcc/arm-atollic-eabi/6.3.1/../../../../arm-atollic-eabi/lib/armv7e-m/fpu/fpv5-sp-d16\libnosys.a(sbrk.o)
 .bss           0x200200b7        0x0 d:/новая папка (2)/truestudio for stm32 9.3.0/armtools/bin/../lib/gcc/arm-atollic-eabi/6.3.1/../../../../arm-atollic-eabi/lib/armv7e-m/fpu/fpv5-sp-d16\libnosys.a(write.o)
 .bss           0x200200b7        0x0 d:/новая папка (2)/truestudio for stm32 9.3.0/armtools/bin/../lib/gcc/arm-atollic-eabi/6.3.1/armv7e-m/fpu/fpv5-sp-d16/crtend.o
 .bss           0x200200b7        0x0 d:/новая папка (2)/truestudio for stm32 9.3.0/armtools/bin/../lib/gcc/arm-atollic-eabi/6.3.1/armv7e-m/fpu/fpv5-sp-d16/crtn.o
 *(.bss*)
 *fill*         0x200200b7        0x1 
 .bss.__malloc_free_list
                0x200200b8        0x4 d:/новая папка (2)/truestudio for stm32 9.3.0/armtools/bin/../lib/gcc/arm-atollic-eabi/6.3.1/../../../../arm-atollic-eabi/lib/armv7e-m/fpu/fpv5-sp-d16\libc_nano.a(lib_a-nano-mallocr.o)
                0x200200b8                __malloc_free_list
 .bss.__malloc_sbrk_start
                0x200200bc        0x4 d:/новая папка (2)/truestudio for stm32 9.3.0/armtools/bin/../lib/gcc/arm-atollic-eabi/6.3.1/../../../../arm-atollic-eabi/lib/armv7e-m/fpu/fpv5-sp-d16\libc_nano.a(lib_a-nano-mallocr.o)
                0x200200bc                __malloc_sbrk_start
 .bss.heap_end.5239
                0x200200c0        0x4 d:/новая папка (2)/truestudio for stm32 9.3.0/armtools/bin/../lib/gcc/arm-atollic-eabi/6.3.1/../../../../arm-atollic-eabi/lib/armv7e-m/fpu/fpv5-sp-d16\libnosys.a(sbrk.o)
 *(COMMON)
 COMMON         0x200200c4       0x20 Code\src\HSEClock.o
                0x200200c4                ClockConf
 COMMON         0x200200e4    0x25808 Code\src\Render.o
                0x200200e4                flagDMA
                0x200200e8                FlagFuck
                0x200200ec                ScreenBuff
 COMMON         0x200458ec        0x4 d:/новая папка (2)/truestudio for stm32 9.3.0/armtools/bin/../lib/gcc/arm-atollic-eabi/6.3.1/../../../../arm-atollic-eabi/lib/armv7e-m/fpu/fpv5-sp-d16\libc_nano.a(lib_a-reent.o)
                0x200458ec                errno
                0x200458f0                . = ALIGN (0x4)
                0x200458f0                _ebss = .
                0x200458f0                __bss_end__ = _ebss

._user_heap_stack
                0x200458f0      0x400
                0x200458f0                . = ALIGN (0x4)
                0x200458f0                PROVIDE (end, .)
                [!provide]                PROVIDE (_end, .)
                0x200458f0                . = (. + _Min_Heap_Size)
                0x20045cf0                . = (. + _Min_Stack_Size)
 *fill*         0x200458f0      0x400 
                0x20045cf0                . = ALIGN (0x4)

.memory_b1_text
 *(.mb1text)
 *(.mb1text*)
 *(.mb1rodata)
 *(.mb1rodata*)

/DISCARD/
 libc.a(*)
 libm.a(*)
 libgcc.a(*)

.ARM.attributes
                0x00000000       0x30
 *(.ARM.attributes)
 .ARM.attributes
                0x00000000       0x22 d:/новая папка (2)/truestudio for stm32 9.3.0/armtools/bin/../lib/gcc/arm-atollic-eabi/6.3.1/armv7e-m/fpu/fpv5-sp-d16/crti.o
 .ARM.attributes
                0x00000022       0x34 d:/новая папка (2)/truestudio for stm32 9.3.0/armtools/bin/../lib/gcc/arm-atollic-eabi/6.3.1/armv7e-m/fpu/fpv5-sp-d16/crtbegin.o
 .ARM.attributes
                0x00000056       0x39 CMSIS\src\system_stm32f7xx.o
 .ARM.attributes
                0x0000008f       0x39 Code\inc\Font\f16f.o
 .ARM.attributes
                0x000000c8       0x39 Code\inc\Font\f24f.o
 .ARM.attributes
                0x00000101       0x39 Code\inc\Font\f32f.o
 .ARM.attributes
                0x0000013a       0x39 Code\inc\Font\f6x8m.o
 .ARM.attributes
                0x00000173       0x39 Code\inc\Font\font.o
 .ARM.attributes
                0x000001ac       0x39 Code\src\HSEClock.o
 .ARM.attributes
                0x000001e5       0x39 Code\src\Render.o
 .ARM.attributes
                0x0000021e       0x39 Code\src\consol.o
 .ARM.attributes
                0x00000257       0x39 Code\src\ili9341.o
 .ARM.attributes
                0x00000290       0x39 Code\src\main.o
 .ARM.attributes
                0x000002c9       0x39 Code\src\ulib.o
 .ARM.attributes
                0x00000302       0x21 Startup\startup_stm32f767xx.o
 .ARM.attributes
                0x00000323       0x34 d:/новая папка (2)/truestudio for stm32 9.3.0/armtools/bin/../lib/gcc/arm-atollic-eabi/6.3.1/../../../../arm-atollic-eabi/lib/armv7e-m/fpu/fpv5-sp-d16\libc_nano.a(lib_a-init.o)
 .ARM.attributes
                0x00000357       0x34 d:/новая папка (2)/truestudio for stm32 9.3.0/armtools/bin/../lib/gcc/arm-atollic-eabi/6.3.1/../../../../arm-atollic-eabi/lib/armv7e-m/fpu/fpv5-sp-d16\libc_nano.a(lib_a-printf.o)
 .ARM.attributes
                0x0000038b       0x34 d:/новая папка (2)/truestudio for stm32 9.3.0/armtools/bin/../lib/gcc/arm-atollic-eabi/6.3.1/../../../../arm-atollic-eabi/lib/armv7e-m/fpu/fpv5-sp-d16\libc_nano.a(lib_a-vsnprintf.o)
 .ARM.attributes
                0x000003bf       0x34 d:/новая папка (2)/truestudio for stm32 9.3.0/armtools/bin/../lib/gcc/arm-atollic-eabi/6.3.1/../../../../arm-atollic-eabi/lib/armv7e-m/fpu/fpv5-sp-d16\libc_nano.a(lib_a-findfp.o)
 .ARM.attributes