ili9341.c:7:13:SPI_Send_Cmd	16	static
ili9341.c:16:13:SPI_Send_Data	16	static
ili9341.c:25:13:Set_Rotation	16	static
ili9341.c:56:6:ILI9341_init	8	static
ili9341.c:169:13:Set_Col	16	static
ili9341.c:179:13:Set_Page	16	static
ili9341.c:189:6:Set_XY	24	static
ili9341.c:284:6:Set_Pixel	16	static
ili9341.c:290:6:Clear_Screen	16	static
ili9341.c:299:6:Fill_Screen	24	static
ili9341.c:310:6:Display_Image	16	static
ili9341.c:330:6:Draw_Vertical_Line	32	static
ili9341.c:338:6:Draw_Horizontal_Line	32	static
ili9341.c:346:6:Rectangle	32	static
ili9341.c:361:6:Draw_Line	56	static
ili9341.c:393:6:Draw_Circle	40	static
ili9341.c:421:6:Draw_Triangle	32	static
ili9341.c:429:6:Draw_Punct_Vertical	32	static
ili9341.c:438:6:Draw_Punct_Horisontical	32	static
ili9341.c:447:4:Draw_Char	40	static
ili9341.c:517:5:Draw_String	64	static
ili9341.c:566:5:Draw_Number	48	static
